
Allocating common symbols
Common symbol       size              file

hUsbDeviceFS        0x224             obj/usb_device.o
hpcd_USB_OTG_FS     0x3f0             obj/usbd_conf.o
uwTick              0x4               obj/stm32f4xx_hal.o
pFlash              0x20              obj/stm32f4xx_hal_flash.o
UserRxBufferFS      0x10              obj/usbd_cdc_if.o
UserRxCBufData      0x10              obj/usbd_cdc_if.o
UserTxBufferFS      0x10              obj/usbd_cdc_if.o
USBD_StrDesc        0x200             obj/usbd_desc.o
_cb1                0x14              obj/circbuf.o

Discarded input sections

 .group         0x0000000000000000        0xc obj/usbd_cdc_if.o
 .group         0x0000000000000000        0xc obj/usbd_cdc_if.o
 .group         0x0000000000000000        0xc obj/usbd_cdc_if.o
 .group         0x0000000000000000        0xc obj/usbd_cdc_if.o
 .group         0x0000000000000000        0xc obj/usbd_cdc_if.o
 .group         0x0000000000000000        0xc obj/usbd_cdc_if.o
 .group         0x0000000000000000        0xc obj/usbd_cdc_if.o
 .group         0x0000000000000000        0xc obj/usbd_cdc_if.o
 .group         0x0000000000000000        0xc obj/usbd_cdc_if.o
 .group         0x0000000000000000        0xc obj/usbd_cdc_if.o
 .group         0x0000000000000000        0xc obj/usbd_cdc_if.o
 .group         0x0000000000000000        0xc obj/usbd_cdc_if.o
 .group         0x0000000000000000        0xc obj/usbd_cdc_if.o
 .group         0x0000000000000000        0xc obj/usbd_cdc_if.o
 .group         0x0000000000000000        0xc obj/usbd_cdc_if.o
 .group         0x0000000000000000        0xc obj/usbd_cdc_if.o
 .group         0x0000000000000000        0xc obj/usbd_cdc_if.o
 .group         0x0000000000000000        0xc obj/usbd_cdc_if.o
 .group         0x0000000000000000        0xc obj/usbd_cdc_if.o
 .group         0x0000000000000000        0xc obj/usbd_cdc_if.o
 .group         0x0000000000000000        0xc obj/usbd_cdc_if.o
 .group         0x0000000000000000        0xc obj/usbd_cdc_if.o
 .group         0x0000000000000000        0xc obj/usbd_cdc_if.o
 .group         0x0000000000000000        0xc obj/usbd_cdc_if.o
 .group         0x0000000000000000        0xc obj/usbd_cdc_if.o
 .group         0x0000000000000000        0xc obj/usbd_cdc_if.o
 .group         0x0000000000000000        0xc obj/usbd_cdc_if.o
 .group         0x0000000000000000        0xc obj/usbd_cdc_if.o
 .group         0x0000000000000000        0xc obj/usbd_cdc_if.o
 .group         0x0000000000000000        0xc obj/usbd_cdc_if.o
 .group         0x0000000000000000        0xc obj/usbd_cdc_if.o
 .group         0x0000000000000000        0xc obj/usbd_cdc_if.o
 .group         0x0000000000000000        0xc obj/usbd_cdc_if.o
 .group         0x0000000000000000        0xc obj/usbd_cdc_if.o
 .group         0x0000000000000000        0xc obj/usbd_cdc_if.o
 .group         0x0000000000000000        0xc obj/usbd_cdc_if.o
 .group         0x0000000000000000        0xc obj/usbd_cdc_if.o
 .group         0x0000000000000000        0xc obj/usbd_cdc_if.o
 .group         0x0000000000000000        0xc obj/usbd_cdc_if.o
 .group         0x0000000000000000        0xc obj/usbd_cdc_if.o
 .group         0x0000000000000000        0xc obj/usbd_cdc_if.o
 .group         0x0000000000000000        0xc obj/usbd_cdc_if.o
 .group         0x0000000000000000        0xc obj/usbd_cdc_if.o
 .group         0x0000000000000000        0xc obj/usbd_cdc_if.o
 .group         0x0000000000000000        0xc obj/usbd_cdc_if.o
 .group         0x0000000000000000        0xc obj/usbd_cdc_if.o
 .group         0x0000000000000000        0xc obj/usbd_cdc_if.o
 .group         0x0000000000000000        0xc obj/usbd_cdc_if.o
 .group         0x0000000000000000        0xc obj/usbd_cdc_if.o
 .group         0x0000000000000000        0xc obj/usbd_cdc_if.o
 .group         0x0000000000000000        0xc obj/usbd_cdc_if.o
 .group         0x0000000000000000        0xc obj/usbd_cdc_if.o
 .group         0x0000000000000000        0xc obj/usbd_cdc_if.o
 .group         0x0000000000000000        0xc obj/usbd_cdc_if.o
 .group         0x0000000000000000        0xc obj/usbd_cdc_if.o
 .group         0x0000000000000000        0xc obj/usbd_cdc_if.o
 .group         0x0000000000000000        0xc obj/usbd_cdc_if.o
 .group         0x0000000000000000        0xc obj/usbd_cdc_if.o
 .group         0x0000000000000000        0xc obj/usbd_cdc_if.o
 .group         0x0000000000000000        0xc obj/usbd_cdc_if.o
 .group         0x0000000000000000        0xc obj/usbd_cdc_if.o
 .group         0x0000000000000000        0xc obj/usbd_cdc_if.o
 .group         0x0000000000000000        0xc obj/usbd_cdc_if.o
 .group         0x0000000000000000        0xc obj/usbd_cdc_if.o
 .group         0x0000000000000000        0xc obj/usbd_cdc_if.o
 .group         0x0000000000000000        0xc obj/usbd_cdc_if.o
 .group         0x0000000000000000        0xc obj/usbd_cdc_if.o
 .group         0x0000000000000000        0xc obj/usbd_cdc_if.o
[...]
Memory Configuration

Name             Origin             Length             Attributes
FLASH            0x0000000008000000 0x0000000000040000 xr
RAM              0x0000000020000000 0x0000000000010000 xrw
*default*        0x0000000000000000 0xffffffffffffffff

Linker script and memory map

LOAD obj//startup_stm32f401xc.o
LOAD obj/usbd_cdc_if.o
LOAD obj/usbd_conf.o
LOAD obj/usbd_core.o
LOAD obj/usbd_ioreq.o
LOAD obj/usbd_ctlreq.o
LOAD obj/stm32f4xx_hal_msp.o
LOAD obj/usbd_cdc.o
LOAD obj/main.o
LOAD obj/stm32f4xx_it.o
LOAD obj/usb_device.o
LOAD obj/usbd_desc.o
LOAD obj/circbuf.o
LOAD obj/system_stm32f4xx.o
LOAD obj/stm32f4xx_hal_pcd.o
LOAD obj/stm32f4xx_ll_usb.o
LOAD obj/stm32f4xx_hal.o
LOAD obj/stm32f4xx_hal_pwr.o
LOAD obj/stm32f4xx_hal_tim.o
LOAD obj/stm32f4xx_hal_pcd_ex.o
LOAD obj/stm32f4xx_hal_adc.o
LOAD obj/stm32f4xx_hal_gpio.o
LOAD obj/stm32f4xx_hal_rcc_ex.o
LOAD obj/stm32f4xx_hal_flash_ramfunc.o
LOAD obj/stm32f4xx_hal_cortex.o
LOAD obj/stm32f4xx_hal_tim_ex.o
LOAD obj/stm32f4xx_hal_adc_ex.o
LOAD obj/stm32f4xx_hal_dma.o
LOAD obj/stm32f4xx_hal_flash_ex.o
LOAD obj/stm32f4xx_hal_dma_ex.o
LOAD obj/stm32f4xx_hal_rcc.o
LOAD obj/stm32f4xx_hal_flash.o
LOAD obj/stm32f4xx_hal_pwr_ex.o
LOAD /home/sam/gcc-arm-none-eabi/bin/../lib/gcc/arm-none-eabi/8.3.1/../../../../arm-none-eabi/lib/thumb/v7e-m+fp/softfp/libm.a
                0x0000000020010000                _estack = 0x20010000
                0x0000000000000200                _Min_Heap_Size = 0x200
                0x0000000000000400                _Min_Stack_Size = 0x400

.isr_vector     0x0000000008000000      0x194
                0x0000000008000000                . = ALIGN (0x4)
 *(.isr_vector)
 .isr_vector    0x0000000008000000      0x194 obj//startup_stm32f401xc.o
                0x0000000008000000                g_pfnVectors
                0x0000000008000194                . = ALIGN (0x4)

.text           0x0000000008000194     0x5f3c
                0x0000000008000194                . = ALIGN (0x4)
 *(.text)
 .text          0x0000000008000194       0x14 obj//startup_stm32f401xc.o
 .text          0x00000000080001a8        0x0 obj/usbd_cdc_if.o
 .text          0x00000000080001a8        0x0 obj/usbd_conf.o
 .text          0x00000000080001a8        0x0 obj/usbd_core.o
 .text          0x00000000080001a8        0x0 obj/usbd_ioreq.o
 .text          0x00000000080001a8        0x0 obj/usbd_ctlreq.o
 .text          0x00000000080001a8        0x0 obj/stm32f4xx_hal_msp.o
 .text          0x00000000080001a8        0x0 obj/usbd_cdc.o
 .text          0x00000000080001a8        0x0 obj/main.o
 .text          0x00000000080001a8        0x0 obj/stm32f4xx_it.o
 .text          0x00000000080001a8        0x0 obj/usb_device.o
 .text          0x00000000080001a8        0x0 obj/usbd_desc.o
 .text          0x00000000080001a8        0x0 obj/circbuf.o
 .text          0x00000000080001a8        0x0 obj/system_stm32f4xx.o
 .text          0x00000000080001a8        0x0 obj/stm32f4xx_hal_pcd.o
 .text          0x00000000080001a8        0x0 obj/stm32f4xx_ll_usb.o
 .text          0x00000000080001a8        0x0 obj/stm32f4xx_hal.o
 .text          0x00000000080001a8        0x0 obj/stm32f4xx_hal_pwr.o
 .text          0x00000000080001a8        0x0 obj/stm32f4xx_hal_tim.o
 .text          0x00000000080001a8        0x0 obj/stm32f4xx_hal_pcd_ex.o
 .text          0x00000000080001a8        0x0 obj/stm32f4xx_hal_adc.o
 .text          0x00000000080001a8        0x0 obj/stm32f4xx_hal_gpio.o
 .text          0x00000000080001a8        0x0 obj/stm32f4xx_hal_rcc_ex.o
 .text          0x00000000080001a8        0x0 obj/stm32f4xx_hal_flash_ramfunc.o
 .text          0x00000000080001a8        0x0 obj/stm32f4xx_hal_cortex.o
 .text          0x00000000080001a8        0x0 obj/stm32f4xx_hal_tim_ex.o
 .text          0x00000000080001a8        0x0 obj/stm32f4xx_hal_adc_ex.o
 .text          0x00000000080001a8        0x0 obj/stm32f4xx_hal_dma.o
 .text          0x00000000080001a8        0x0 obj/stm32f4xx_hal_flash_ex.o
 .text          0x00000000080001a8        0x0 obj/stm32f4xx_hal_dma_ex.o
 .text          0x00000000080001a8        0x0 obj/stm32f4xx_hal_rcc.o
 .text          0x00000000080001a8        0x0 obj/stm32f4xx_hal_flash.o
 .text          0x00000000080001a8        0x0 obj/stm32f4xx_hal_pwr_ex.o
 *(.text*)
 .text.Reset_Handler
                0x00000000080001a8       0x4c obj//startup_stm32f401xc.o
                0x00000000080001a8                Reset_Handler
 .text.Default_Handler
                0x00000000080001f4        0x2 obj//startup_stm32f401xc.o
                0x00000000080001f4                RTC_Alarm_IRQHandler
                0x00000000080001f4                EXTI2_IRQHandler
                0x00000000080001f4                DebugMon_Handler
                0x00000000080001f4                SPI4_IRQHandler
                0x00000000080001f4                TIM1_CC_IRQHandler
                0x00000000080001f4                DMA2_Stream5_IRQHandler
                0x00000000080001f4                HardFault_Handler
                0x00000000080001f4                DMA1_Stream5_IRQHandler
                0x00000000080001f4                PVD_IRQHandler
                0x00000000080001f4                SDIO_IRQHandler
                0x00000000080001f4                TAMP_STAMP_IRQHandler
                0x00000000080001f4                PendSV_Handler
                0x00000000080001f4                NMI_Handler
                0x00000000080001f4                EXTI3_IRQHandler
                0x00000000080001f4                TIM1_UP_TIM10_IRQHandler
                0x00000000080001f4                I2C3_ER_IRQHandler
                0x00000000080001f4                EXTI0_IRQHandler
                0x00000000080001f4                I2C2_EV_IRQHandler
                0x00000000080001f4                DMA1_Stream2_IRQHandler
                0x00000000080001f4                FPU_IRQHandler
                0x00000000080001f4                UsageFault_Handler
                0x00000000080001f4                DMA2_Stream2_IRQHandler
                0x00000000080001f4                SPI1_IRQHandler
                0x00000000080001f4                TIM1_BRK_TIM9_IRQHandler
                0x00000000080001f4                DMA2_Stream3_IRQHandler
                0x00000000080001f4                USART6_IRQHandler
                0x00000000080001f4                DMA2_Stream0_IRQHandler
                0x00000000080001f4                TIM4_IRQHandler
                0x00000000080001f4                I2C1_EV_IRQHandler
                0x00000000080001f4                DMA1_Stream6_IRQHandler
                0x00000000080001f4                DMA1_Stream1_IRQHandler
                0x00000000080001f4                TIM3_IRQHandler
                0x00000000080001f4                RCC_IRQHandler
                0x00000000080001f4                Default_Handler
                0x00000000080001f4                EXTI15_10_IRQHandler
                0x00000000080001f4                ADC_IRQHandler
                0x00000000080001f4                DMA1_Stream7_IRQHandler
                0x00000000080001f4                TIM5_IRQHandler
                0x00000000080001f4                DMA2_Stream7_IRQHandler
                0x00000000080001f4                I2C3_EV_IRQHandler
                0x00000000080001f4                EXTI9_5_IRQHandler
                0x00000000080001f4                RTC_WKUP_IRQHandler
                0x00000000080001f4                SPI2_IRQHandler
                0x00000000080001f4                MemManage_Handler
                0x00000000080001f4                DMA1_Stream0_IRQHandler
                0x00000000080001f4                SVC_Handler
                0x00000000080001f4                EXTI4_IRQHandler
                0x00000000080001f4                WWDG_IRQHandler
                0x00000000080001f4                TIM2_IRQHandler
                0x00000000080001f4                OTG_FS_WKUP_IRQHandler
                0x00000000080001f4                TIM1_TRG_COM_TIM11_IRQHandler
                0x00000000080001f4                EXTI1_IRQHandler
                0x00000000080001f4                USART2_IRQHandler
                0x00000000080001f4                I2C2_ER_IRQHandler
                0x00000000080001f4                DMA2_Stream1_IRQHandler
                0x00000000080001f4                FLASH_IRQHandler
                0x00000000080001f4                DMA2_Stream4_IRQHandler
                0x00000000080001f4                BusFault_Handler
                0x00000000080001f4                USART1_IRQHandler
                0x00000000080001f4                SPI3_IRQHandler
                0x00000000080001f4                DMA1_Stream4_IRQHandler
                0x00000000080001f4                I2C1_ER_IRQHandler
                0x00000000080001f4                DMA2_Stream6_IRQHandler
                0x00000000080001f4                DMA1_Stream3_IRQHandler
 .text.CDC_DeInit_FS
                0x00000000080001f6        0x4 obj/usbd_cdc_if.o
 .text.CDC_Control_FS
                0x00000000080001fa        0x4 obj/usbd_cdc_if.o
 *fill*         0x00000000080001fe        0x2 
 .text.CDC_Init_FS
                0x0000000008000200       0x3c obj/usbd_cdc_if.o
 .text.CDC_Receive_FS
                0x000000000800023c       0x60 obj/usbd_cdc_if.o
 .text.VCP_Data_Overflow
                0x000000000800029c        0xc obj/usbd_cdc_if.o
                0x000000000800029c                VCP_Data_Overflow
 .text.CDC_Transmit_FS
                0x00000000080002a8       0x2c obj/usbd_cdc_if.o
                0x00000000080002a8                CDC_Transmit_FS
 .text.USBD_static_malloc
                0x00000000080002d4        0x8 obj/usbd_conf.o
                0x00000000080002d4                USBD_static_malloc
 .text.USBD_static_free
                0x00000000080002dc        0x2 obj/usbd_conf.o
                0x00000000080002dc                USBD_static_free
 *fill*         0x00000000080002de        0x2 
 .text.HAL_PCD_MspInit
                0x00000000080002e0       0x64 obj/usbd_conf.o
                0x00000000080002e0                HAL_PCD_MspInit
 .text.HAL_PCD_MspDeInit
                0x0000000008000344       0x34 obj/usbd_conf.o
                0x0000000008000344                HAL_PCD_MspDeInit
 .text.HAL_PCD_SetupStageCallback
                0x0000000008000378        0xc obj/usbd_conf.o
                0x0000000008000378                HAL_PCD_SetupStageCallback
 .text.HAL_PCD_DataOutStageCallback
                0x0000000008000384       0x12 obj/usbd_conf.o
                0x0000000008000384                HAL_PCD_DataOutStageCallback
 .text.HAL_PCD_DataInStageCallback
                0x0000000008000396       0x10 obj/usbd_conf.o
                0x0000000008000396                HAL_PCD_DataInStageCallback
 .text.HAL_PCD_SOFCallback
                0x00000000080003a6        0x8 obj/usbd_conf.o
                0x00000000080003a6                HAL_PCD_SOFCallback
 .text.HAL_PCD_ResetCallback
                0x00000000080003ae       0x20 obj/usbd_conf.o
                0x00000000080003ae                HAL_PCD_ResetCallback
 *fill*         0x00000000080003ce        0x2 
 .text.HAL_PCD_SuspendCallback
                0x00000000080003d0       0x30 obj/usbd_conf.o
                0x00000000080003d0                HAL_PCD_SuspendCallback
 .text.HAL_PCD_ResumeCallback
                0x0000000008000400        0x8 obj/usbd_conf.o
                0x0000000008000400                HAL_PCD_ResumeCallback
 .text.HAL_PCD_ISOOUTIncompleteCallback
                0x0000000008000408        0x8 obj/usbd_conf.o
                0x0000000008000408                HAL_PCD_ISOOUTIncompleteCallback
 .text.HAL_PCD_ISOINIncompleteCallback
                0x0000000008000410        0x8 obj/usbd_conf.o
                0x0000000008000410                HAL_PCD_ISOINIncompleteCallback
 .text.HAL_PCD_ConnectCallback
                0x0000000008000418        0x8 obj/usbd_conf.o
                0x0000000008000418                HAL_PCD_ConnectCallback
 .text.HAL_PCD_DisconnectCallback
                0x0000000008000420        0x8 obj/usbd_conf.o
                0x0000000008000420                HAL_PCD_DisconnectCallback
 .text.USBD_LL_Init
                0x0000000008000428       0x60 obj/usbd_conf.o
                0x0000000008000428                USBD_LL_Init
 .text.USBD_LL_DeInit
                0x0000000008000488       0x1c obj/usbd_conf.o
                0x0000000008000488                USBD_LL_DeInit
 .text.USBD_LL_Start
                0x00000000080004a4       0x1c obj/usbd_conf.o
                0x00000000080004a4                USBD_LL_Start
 .text.USBD_LL_Stop
                0x00000000080004c0       0x1c obj/usbd_conf.o
                0x00000000080004c0                USBD_LL_Stop
 .text.USBD_LL_OpenEP
                0x00000000080004dc       0x20 obj/usbd_conf.o
                0x00000000080004dc                USBD_LL_OpenEP
 .text.USBD_LL_CloseEP
                0x00000000080004fc       0x1c obj/usbd_conf.o
                0x00000000080004fc                USBD_LL_CloseEP
 .text.USBD_LL_FlushEP
                0x0000000008000518       0x1c obj/usbd_conf.o
                0x0000000008000518                USBD_LL_FlushEP
 .text.USBD_LL_StallEP
                0x0000000008000534       0x1c obj/usbd_conf.o
                0x0000000008000534                USBD_LL_StallEP
 .text.USBD_LL_ClearStallEP
                0x0000000008000550       0x1c obj/usbd_conf.o
                0x0000000008000550                USBD_LL_ClearStallEP
 .text.USBD_LL_IsStallEP
                0x000000000800056c       0x26 obj/usbd_conf.o
                0x000000000800056c                USBD_LL_IsStallEP
 *fill*         0x0000000008000592        0x2 
 .text.USBD_LL_SetUSBAddress
                0x0000000008000594       0x1c obj/usbd_conf.o
                0x0000000008000594                USBD_LL_SetUSBAddress
 .text.USBD_LL_Transmit
                0x00000000080005b0       0x1c obj/usbd_conf.o
                0x00000000080005b0                USBD_LL_Transmit
 .text.USBD_LL_PrepareReceive
                0x00000000080005cc       0x1c obj/usbd_conf.o
                0x00000000080005cc                USBD_LL_PrepareReceive
 .text.USBD_LL_GetRxDataSize
                0x00000000080005e8        0xc obj/usbd_conf.o
                0x00000000080005e8                USBD_LL_GetRxDataSize
 .text.USBD_LL_Delay
                0x00000000080005f4        0x4 obj/usbd_conf.o
                0x00000000080005f4                USBD_LL_Delay
 .text.USBD_Init
                0x00000000080005f8       0x2a obj/usbd_core.o
                0x00000000080005f8                USBD_Init
 .text.USBD_DeInit
                0x0000000008000622       0x24 obj/usbd_core.o
                0x0000000008000622                USBD_DeInit
 .text.USBD_RegisterClass
                0x0000000008000646        0xe obj/usbd_core.o
                0x0000000008000646                USBD_RegisterClass
 .text.USBD_Start
                0x0000000008000654        0xa obj/usbd_core.o
                0x0000000008000654                USBD_Start
 .text.USBD_Stop
                0x000000000800065e       0x18 obj/usbd_core.o
                0x000000000800065e                USBD_Stop
 .text.USBD_RunTestMode
                0x0000000008000676        0x4 obj/usbd_core.o
                0x0000000008000676                USBD_RunTestMode
 .text.USBD_SetClassConfig
                0x000000000800067a       0x16 obj/usbd_core.o
                0x000000000800067a                USBD_SetClassConfig
 .text.USBD_ClrClassConfig
                0x0000000008000690        0xe obj/usbd_core.o
                0x0000000008000690                USBD_ClrClassConfig
 .text.USBD_LL_SetupStage
                0x000000000800069e       0x5a obj/usbd_core.o
                0x000000000800069e                USBD_LL_SetupStage
 .text.USBD_LL_DataOutStage
                0x00000000080006f8       0x60 obj/usbd_core.o
                0x00000000080006f8                USBD_LL_DataOutStage
 .text.USBD_LL_DataInStage
                0x0000000008000758       0x9e obj/usbd_core.o
                0x0000000008000758                USBD_LL_DataInStage
 .text.USBD_LL_Reset
                0x00000000080007f6       0x3e obj/usbd_core.o
                0x00000000080007f6                USBD_LL_Reset
 .text.USBD_LL_SetSpeed
                0x0000000008000834        0x6 obj/usbd_core.o
                0x0000000008000834                USBD_LL_SetSpeed
 .text.USBD_LL_Suspend
                0x000000000800083a       0x12 obj/usbd_core.o
                0x000000000800083a                USBD_LL_Suspend
 .text.USBD_LL_Resume
                0x000000000800084c        0xc obj/usbd_core.o
                0x000000000800084c                USBD_LL_Resume
 .text.USBD_LL_SOF
                0x0000000008000858       0x18 obj/usbd_core.o
                0x0000000008000858                USBD_LL_SOF
 .text.USBD_LL_IsoINIncomplete
                0x0000000008000870        0x4 obj/usbd_core.o
                0x0000000008000870                USBD_LL_IsoINIncomplete
 .text.USBD_LL_IsoOUTIncomplete
                0x0000000008000874        0x4 obj/usbd_core.o
                0x0000000008000874                USBD_LL_IsoOUTIncomplete
 .text.USBD_LL_DevConnected
                0x0000000008000878        0x4 obj/usbd_core.o
                0x0000000008000878                USBD_LL_DevConnected
 .text.USBD_LL_DevDisconnected
                0x000000000800087c       0x16 obj/usbd_core.o
                0x000000000800087c                USBD_LL_DevDisconnected
 .text.USBD_CtlSendData
                0x0000000008000892       0x1a obj/usbd_ioreq.o
                0x0000000008000892                USBD_CtlSendData
 .text.USBD_CtlContinueSendData
                0x00000000080008ac       0x10 obj/usbd_ioreq.o
                0x00000000080008ac                USBD_CtlContinueSendData
 .text.USBD_CtlPrepareRx
                0x00000000080008bc       0x1a obj/usbd_ioreq.o
                0x00000000080008bc                USBD_CtlPrepareRx
 .text.USBD_CtlContinueRx
                0x00000000080008d6       0x10 obj/usbd_ioreq.o
                0x00000000080008d6                USBD_CtlContinueRx
 .text.USBD_CtlSendStatus
                0x00000000080008e6       0x16 obj/usbd_ioreq.o
                0x00000000080008e6                USBD_CtlSendStatus
 .text.USBD_CtlReceiveStatus
                0x00000000080008fc       0x16 obj/usbd_ioreq.o
                0x00000000080008fc                USBD_CtlReceiveStatus
 .text.USBD_GetRxCount
                0x0000000008000912        0xa obj/usbd_ioreq.o
                0x0000000008000912                USBD_GetRxCount
 .text.USBD_CtlError.constprop.0
                0x000000000800091c       0x16 obj/usbd_ctlreq.o
 *fill*         0x0000000008000932        0x2 
 .text.USBD_StdDevReq
                0x0000000008000934      0x1f4 obj/usbd_ctlreq.o
                0x0000000008000934                USBD_StdDevReq
 .text.USBD_StdItfReq
                0x0000000008000b28       0x30 obj/usbd_ctlreq.o
                0x0000000008000b28                USBD_StdItfReq
 .text.USBD_StdEPReq
                0x0000000008000b58       0xc4 obj/usbd_ctlreq.o
                0x0000000008000b58                USBD_StdEPReq
 .text.USBD_ParseSetupRequest
                0x0000000008000c1c       0x28 obj/usbd_ctlreq.o
                0x0000000008000c1c                USBD_ParseSetupRequest
 .text.USBD_CtlError
                0x0000000008000c44       0x16 obj/usbd_ctlreq.o
                0x0000000008000c44                USBD_CtlError
 .text.USBD_GetString
                0x0000000008000c5a       0x38 obj/usbd_ctlreq.o
                0x0000000008000c5a                USBD_GetString
 .text.HAL_MspInit
                0x0000000008000c92       0x60 obj/stm32f4xx_hal_msp.o
                0x0000000008000c92                HAL_MspInit
 .text.USBD_CDC_DataIn
                0x0000000008000cf2       0x12 obj/usbd_cdc.o
 .text.USBD_CDC_EP0_RxReady
                0x0000000008000d04       0x28 obj/usbd_cdc.o
 .text.USBD_CDC_GetFSCfgDesc
                0x0000000008000d2c        0xc obj/usbd_cdc.o
 .text.USBD_CDC_GetHSCfgDesc
                0x0000000008000d38        0xc obj/usbd_cdc.o
 .text.USBD_CDC_GetOtherSpeedCfgDesc
                0x0000000008000d44        0xc obj/usbd_cdc.o
 .text.USBD_CDC_GetDeviceQualifierDescriptor
                0x0000000008000d50        0xc obj/usbd_cdc.o
                0x0000000008000d50                USBD_CDC_GetDeviceQualifierDescriptor
 .text.USBD_CDC_DataOut
                0x0000000008000d5c       0x2e obj/usbd_cdc.o
 *fill*         0x0000000008000d8a        0x2 
 .text.USBD_CDC_Setup
                0x0000000008000d8c       0x6c obj/usbd_cdc.o
 .text.USBD_CDC_DeInit
                0x0000000008000df8       0x3a obj/usbd_cdc.o
 .text.USBD_CDC_Init
                0x0000000008000e32       0x8c obj/usbd_cdc.o
 .text.USBD_CDC_RegisterInterface
                0x0000000008000ebe        0xe obj/usbd_cdc.o
                0x0000000008000ebe                USBD_CDC_RegisterInterface
 .text.USBD_CDC_SetTxBuffer
                0x0000000008000ecc       0x10 obj/usbd_cdc.o
                0x0000000008000ecc                USBD_CDC_SetTxBuffer
 .text.USBD_CDC_SetRxBuffer
                0x0000000008000edc        0xc obj/usbd_cdc.o
                0x0000000008000edc                USBD_CDC_SetRxBuffer
 .text.USBD_CDC_TransmitPacket
                0x0000000008000ee8       0x2e obj/usbd_cdc.o
                0x0000000008000ee8                USBD_CDC_TransmitPacket
 .text.USBD_CDC_ReceivePacket
                0x0000000008000f16       0x2e obj/usbd_cdc.o
                0x0000000008000f16                USBD_CDC_ReceivePacket
 .text.SystemClock_Config
                0x0000000008000f44       0xb0 obj/main.o
                0x0000000008000f44                SystemClock_Config
 .text.Read_Address
                0x0000000008000ff4      0x238 obj/main.o
                0x0000000008000ff4                Read_Address
 .text.startup.main
                0x000000000800122c      0x1c4 obj/main.o
                0x000000000800122c                main
 .text.Error_Handler
                0x00000000080013f0        0x2 obj/main.o
                0x00000000080013f0                Error_Handler
 .text.SysTick_Handler
                0x00000000080013f2        0xe obj/stm32f4xx_it.o
                0x00000000080013f2                SysTick_Handler
 .text.OTG_FS_IRQHandler
                0x0000000008001400        0xc obj/stm32f4xx_it.o
                0x0000000008001400                OTG_FS_IRQHandler
 .text.MX_USB_DEVICE_Init
                0x000000000800140c       0x38 obj/usb_device.o
                0x000000000800140c                MX_USB_DEVICE_Init
 .text.USBD_FS_DeviceDescriptor
                0x0000000008001444        0xc obj/usbd_desc.o
                0x0000000008001444                USBD_FS_DeviceDescriptor
 .text.USBD_FS_LangIDStrDescriptor
                0x0000000008001450        0xc obj/usbd_desc.o
                0x0000000008001450                USBD_FS_LangIDStrDescriptor
 .text.USBD_FS_ManufacturerStrDescriptor
                0x000000000800145c       0x1c obj/usbd_desc.o
                0x000000000800145c                USBD_FS_ManufacturerStrDescriptor
 .text.USBD_FS_ProductStrDescriptor
                0x0000000008001478       0x1c obj/usbd_desc.o
                0x0000000008001478                USBD_FS_ProductStrDescriptor
 .text.USBD_FS_SerialStrDescriptor
                0x0000000008001494       0x1c obj/usbd_desc.o
                0x0000000008001494                USBD_FS_SerialStrDescriptor
 .text.USBD_FS_ConfigStrDescriptor
                0x00000000080014b0       0x1c obj/usbd_desc.o
                0x00000000080014b0                USBD_FS_ConfigStrDescriptor
 .text.USBD_FS_InterfaceStrDescriptor
                0x00000000080014cc       0x1c obj/usbd_desc.o
                0x00000000080014cc                USBD_FS_InterfaceStrDescriptor
 .text.circbuf_reset
                0x00000000080014e8       0x18 obj/circbuf.o
                0x00000000080014e8                circbuf_reset
 .text.init_circbuf
                0x0000000008001500        0x8 obj/circbuf.o
                0x0000000008001500                init_circbuf
 .text.circbuf_push
                0x0000000008001508       0x34 obj/circbuf.o
                0x0000000008001508                circbuf_push
 .text.circbuf_pop
                0x000000000800153c       0x32 obj/circbuf.o
                0x000000000800153c                circbuf_pop
 .text.circbuf_get_status
                0x000000000800156e       0x16 obj/circbuf.o
                0x000000000800156e                circbuf_get_status
 .text.circbuf_get_capacity
                0x0000000008001584        0x4 obj/circbuf.o
                0x0000000008001584                circbuf_get_capacity
 .text.circbuf_get_free_space
                0x0000000008001588       0x24 obj/circbuf.o
                0x0000000008001588                circbuf_get_free_space
 .text.circbuf_get_size
                0x00000000080015ac        0xe obj/circbuf.o
                0x00000000080015ac                circbuf_get_size
 *fill*         0x00000000080015ba        0x2 
 .text.SystemInit
                0x00000000080015bc       0x4c obj/system_stm32f4xx.o
                0x00000000080015bc                SystemInit
 .text.SystemCoreClockUpdate
                0x0000000008001608       0x74 obj/system_stm32f4xx.o
                0x0000000008001608                SystemCoreClockUpdate
 .text.HAL_PCD_MspInit
                0x000000000800167c        0x2 obj/stm32f4xx_hal_pcd.o
 .text.HAL_PCD_Init
                0x000000000800167e       0xd2 obj/stm32f4xx_hal_pcd.o
                0x000000000800167e                HAL_PCD_Init
 .text.HAL_PCD_MspDeInit
                0x0000000008001750        0x2 obj/stm32f4xx_hal_pcd.o
 .text.HAL_PCD_Start
                0x0000000008001752       0x2a obj/stm32f4xx_hal_pcd.o
                0x0000000008001752                HAL_PCD_Start
 .text.HAL_PCD_Stop
                0x000000000800177c       0x30 obj/stm32f4xx_hal_pcd.o
                0x000000000800177c                HAL_PCD_Stop
 .text.HAL_PCD_DeInit
                0x00000000080017ac       0x22 obj/stm32f4xx_hal_pcd.o
                0x00000000080017ac                HAL_PCD_DeInit
 .text.HAL_PCD_DataOutStageCallback
                0x00000000080017ce        0x2 obj/stm32f4xx_hal_pcd.o
 .text.HAL_PCD_DataInStageCallback
                0x00000000080017d0        0x2 obj/stm32f4xx_hal_pcd.o
 .text.HAL_PCD_SetupStageCallback
                0x00000000080017d2        0x2 obj/stm32f4xx_hal_pcd.o
 .text.HAL_PCD_SOFCallback
                0x00000000080017d4        0x2 obj/stm32f4xx_hal_pcd.o
 .text.HAL_PCD_ResetCallback
                0x00000000080017d6        0x2 obj/stm32f4xx_hal_pcd.o
 .text.HAL_PCD_SuspendCallback
                0x00000000080017d8        0x2 obj/stm32f4xx_hal_pcd.o
 .text.HAL_PCD_ResumeCallback
                0x00000000080017da        0x2 obj/stm32f4xx_hal_pcd.o
 .text.HAL_PCD_ISOOUTIncompleteCallback
                0x00000000080017dc        0x2 obj/stm32f4xx_hal_pcd.o
 .text.HAL_PCD_ISOINIncompleteCallback
                0x00000000080017de        0x2 obj/stm32f4xx_hal_pcd.o
 .text.HAL_PCD_ConnectCallback
                0x00000000080017e0        0x2 obj/stm32f4xx_hal_pcd.o
 .text.HAL_PCD_DisconnectCallback
                0x00000000080017e2        0x2 obj/stm32f4xx_hal_pcd.o
 .text.HAL_PCD_IRQHandler
                0x00000000080017e4      0x558 obj/stm32f4xx_hal_pcd.o
                0x00000000080017e4                HAL_PCD_IRQHandler
 .text.HAL_PCD_DevConnect
                0x0000000008001d3c       0x24 obj/stm32f4xx_hal_pcd.o
                0x0000000008001d3c                HAL_PCD_DevConnect
 .text.HAL_PCD_DevDisconnect
                0x0000000008001d60       0x24 obj/stm32f4xx_hal_pcd.o
                0x0000000008001d60                HAL_PCD_DevDisconnect
 .text.HAL_PCD_SetAddress
                0x0000000008001d84       0x24 obj/stm32f4xx_hal_pcd.o
                0x0000000008001d84                HAL_PCD_SetAddress
 .text.HAL_PCD_EP_Open
                0x0000000008001da8       0x5a obj/stm32f4xx_hal_pcd.o
                0x0000000008001da8                HAL_PCD_EP_Open
 .text.HAL_PCD_EP_Close
                0x0000000008001e02       0x46 obj/stm32f4xx_hal_pcd.o
                0x0000000008001e02                HAL_PCD_EP_Close
 .text.HAL_PCD_EP_Receive
                0x0000000008001e48       0x48 obj/stm32f4xx_hal_pcd.o
                0x0000000008001e48                HAL_PCD_EP_Receive
 .text.HAL_PCD_EP_GetRxCount
                0x0000000008001e90       0x10 obj/stm32f4xx_hal_pcd.o
                0x0000000008001e90                HAL_PCD_EP_GetRxCount
 .text.HAL_PCD_EP_Transmit
                0x0000000008001ea0       0x40 obj/stm32f4xx_hal_pcd.o
                0x0000000008001ea0                HAL_PCD_EP_Transmit
 .text.HAL_PCD_EP_SetStall
                0x0000000008001ee0       0x56 obj/stm32f4xx_hal_pcd.o
                0x0000000008001ee0                HAL_PCD_EP_SetStall
 .text.HAL_PCD_EP_ClrStall
                0x0000000008001f36       0x4a obj/stm32f4xx_hal_pcd.o
                0x0000000008001f36                HAL_PCD_EP_ClrStall
 .text.HAL_PCD_EP_Flush
                0x0000000008001f80       0x32 obj/stm32f4xx_hal_pcd.o
                0x0000000008001f80                HAL_PCD_EP_Flush
 .text.HAL_PCD_ActivateRemoteWakeup
                0x0000000008001fb2       0x1a obj/stm32f4xx_hal_pcd.o
                0x0000000008001fb2                HAL_PCD_ActivateRemoteWakeup
 .text.HAL_PCD_DeActivateRemoteWakeup
                0x0000000008001fcc       0x12 obj/stm32f4xx_hal_pcd.o
                0x0000000008001fcc                HAL_PCD_DeActivateRemoteWakeup
 .text.HAL_PCD_GetState
                0x0000000008001fde        0x6 obj/stm32f4xx_hal_pcd.o
                0x0000000008001fde                HAL_PCD_GetState
 .text.USB_HC_StartXfer
                0x0000000008001fe4      0x274 obj/stm32f4xx_ll_usb.o
                0x0000000008001fe4                USB_HC_StartXfer
 .text.USB_HC_ReadInterrupt
                0x0000000008002258       0x1e obj/stm32f4xx_ll_usb.o
                0x0000000008002258                USB_HC_ReadInterrupt
 .text.USB_HC_Halt
                0x0000000008002276      0x1c2 obj/stm32f4xx_ll_usb.o
                0x0000000008002276                USB_HC_Halt
 .text.USB_DoPing
                0x0000000008002438       0x74 obj/stm32f4xx_ll_usb.o
                0x0000000008002438                USB_DoPing
 .text.USB_StopHost
                0x00000000080024ac      0x108 obj/stm32f4xx_ll_usb.o
                0x00000000080024ac                USB_StopHost
 .text.USB_CoreReset
                0x00000000080025b4       0x30 obj/stm32f4xx_ll_usb.o
 .text.USB_CoreInit
                0x00000000080025e4       0x74 obj/stm32f4xx_ll_usb.o
                0x00000000080025e4                USB_CoreInit
 .text.USB_EnableGlobalInt
                0x0000000008002658        0xc obj/stm32f4xx_ll_usb.o
                0x0000000008002658                USB_EnableGlobalInt
 .text.USB_DisableGlobalInt
                0x0000000008002664        0xc obj/stm32f4xx_ll_usb.o
                0x0000000008002664                USB_DisableGlobalInt
 .text.USB_SetCurrentMode
                0x0000000008002670       0x2e obj/stm32f4xx_ll_usb.o
                0x0000000008002670                USB_SetCurrentMode
 *fill*         0x000000000800269e        0x2 
 .text.USB_FlushTxFifo
                0x00000000080026a0       0x24 obj/stm32f4xx_ll_usb.o
                0x00000000080026a0                USB_FlushTxFifo
 .text.USB_FlushRxFifo
                0x00000000080026c4       0x20 obj/stm32f4xx_ll_usb.o
                0x00000000080026c4                USB_FlushRxFifo
 .text.USB_SetDevSpeed
                0x00000000080026e4        0xe obj/stm32f4xx_ll_usb.o
                0x00000000080026e4                USB_SetDevSpeed
 *fill*         0x00000000080026f2        0x2 
 .text.USB_DevInit
                0x00000000080026f4      0x13c obj/stm32f4xx_ll_usb.o
                0x00000000080026f4                USB_DevInit
 .text.USB_GetDevSpeed
                0x0000000008002830       0x36 obj/stm32f4xx_ll_usb.o
                0x0000000008002830                USB_GetDevSpeed
 .text.USB_ActivateEndpoint
                0x0000000008002866       0x7e obj/stm32f4xx_ll_usb.o
                0x0000000008002866                USB_ActivateEndpoint
 .text.USB_ActivateDedicatedEndpoint
                0x00000000080028e4       0xcc obj/stm32f4xx_ll_usb.o
                0x00000000080028e4                USB_ActivateDedicatedEndpoint
 .text.USB_DeactivateEndpoint
                0x00000000080029b0       0xd0 obj/stm32f4xx_ll_usb.o
                0x00000000080029b0                USB_DeactivateEndpoint
 .text.USB_DeactivateDedicatedEndpoint
                0x0000000008002a80        0x4 obj/stm32f4xx_ll_usb.o
                0x0000000008002a80                USB_DeactivateDedicatedEndpoint
 .text.USB_EP0StartXfer
                0x0000000008002a84      0x134 obj/stm32f4xx_ll_usb.o
                0x0000000008002a84                USB_EP0StartXfer
 .text.USB_WritePacket
                0x0000000008002bb8       0x28 obj/stm32f4xx_ll_usb.o
                0x0000000008002bb8                USB_WritePacket
 .text.USB_EPStartXfer
                0x0000000008002be0      0x218 obj/stm32f4xx_ll_usb.o
                0x0000000008002be0                USB_EPStartXfer
 .text.USB_ReadPacket
                0x0000000008002df8       0x1c obj/stm32f4xx_ll_usb.o
                0x0000000008002df8                USB_ReadPacket
 .text.USB_EPSetStall
                0x0000000008002e14       0x3c obj/stm32f4xx_ll_usb.o
                0x0000000008002e14                USB_EPSetStall
 .text.USB_EPClearStall
                0x0000000008002e50       0x36 obj/stm32f4xx_ll_usb.o
                0x0000000008002e50                USB_EPClearStall
 .text.USB_StopDevice
                0x0000000008002e86       0x42 obj/stm32f4xx_ll_usb.o
                0x0000000008002e86                USB_StopDevice
 .text.USB_SetDevAddress
                0x0000000008002ec8       0x20 obj/stm32f4xx_ll_usb.o
                0x0000000008002ec8                USB_SetDevAddress
 .text.USB_DevConnect
                0x0000000008002ee8       0x18 obj/stm32f4xx_ll_usb.o
                0x0000000008002ee8                USB_DevConnect
 .text.USB_DevDisconnect
                0x0000000008002f00       0x18 obj/stm32f4xx_ll_usb.o
                0x0000000008002f00                USB_DevDisconnect
 .text.USB_ReadInterrupts
                0x0000000008002f18        0x8 obj/stm32f4xx_ll_usb.o
                0x0000000008002f18                USB_ReadInterrupts
 .text.USB_ReadDevAllOutEpInterrupt
                0x0000000008002f20       0x10 obj/stm32f4xx_ll_usb.o
                0x0000000008002f20                USB_ReadDevAllOutEpInterrupt
 .text.USB_ReadDevAllInEpInterrupt
                0x0000000008002f30       0x10 obj/stm32f4xx_ll_usb.o
                0x0000000008002f30                USB_ReadDevAllInEpInterrupt
 .text.USB_ReadDevOutEPInterrupt
                0x0000000008002f40       0x14 obj/stm32f4xx_ll_usb.o
                0x0000000008002f40                USB_ReadDevOutEPInterrupt
 .text.USB_ReadDevInEPInterrupt
                0x0000000008002f54       0x20 obj/stm32f4xx_ll_usb.o
                0x0000000008002f54                USB_ReadDevInEPInterrupt
 .text.USB_ClearInterrupts
                0x0000000008002f74        0x8 obj/stm32f4xx_ll_usb.o
                0x0000000008002f74                USB_ClearInterrupts
 .text.USB_GetMode
                0x0000000008002f7c        0x8 obj/stm32f4xx_ll_usb.o
                0x0000000008002f7c                USB_GetMode
 .text.USB_ActivateSetup
                0x0000000008002f84       0x36 obj/stm32f4xx_ll_usb.o
                0x0000000008002f84                USB_ActivateSetup
 .text.USB_EP0_OutStart
                0x0000000008002fba       0x46 obj/stm32f4xx_ll_usb.o
                0x0000000008002fba                USB_EP0_OutStart
 .text.USB_InitFSLSPClkSel
                0x0000000008003000       0x3a obj/stm32f4xx_ll_usb.o
                0x0000000008003000                USB_InitFSLSPClkSel
 .text.USB_ResetPort
                0x000000000800303a       0x32 obj/stm32f4xx_ll_usb.o
                0x000000000800303a                USB_ResetPort
 .text.USB_DriveVbus
                0x000000000800306c       0x3c obj/stm32f4xx_ll_usb.o
                0x000000000800306c                USB_DriveVbus
 .text.USB_HostInit
                0x00000000080030a8       0xe4 obj/stm32f4xx_ll_usb.o
                0x00000000080030a8                USB_HostInit
 .text.USB_GetHostSpeed
                0x000000000800318c       0x12 obj/stm32f4xx_ll_usb.o
                0x000000000800318c                USB_GetHostSpeed
 .text.USB_GetCurrentFrame
                0x000000000800319e        0xa obj/stm32f4xx_ll_usb.o
                0x000000000800319e                USB_GetCurrentFrame
 .text.USB_HC_Init
                0x00000000080031a8       0xf6 obj/stm32f4xx_ll_usb.o
                0x00000000080031a8                USB_HC_Init
 .text.HAL_MspInit
                0x000000000800329e        0x2 obj/stm32f4xx_hal.o
 .text.HAL_MspDeInit
                0x00000000080032a0        0x2 obj/stm32f4xx_hal.o
                0x00000000080032a0                HAL_MspDeInit
 *fill*         0x00000000080032a2        0x2 
 .text.HAL_DeInit
                0x00000000080032a4       0x2c obj/stm32f4xx_hal.o
                0x00000000080032a4                HAL_DeInit
 .text.HAL_InitTick
                0x00000000080032d0       0x28 obj/stm32f4xx_hal.o
                0x00000000080032d0                HAL_InitTick
 .text.HAL_Init
                0x00000000080032f8       0x34 obj/stm32f4xx_hal.o
                0x00000000080032f8                HAL_Init
 .text.HAL_IncTick
                0x000000000800332c       0x10 obj/stm32f4xx_hal.o
                0x000000000800332c                HAL_IncTick
 .text.HAL_GetTick
                0x000000000800333c        0xc obj/stm32f4xx_hal.o
                0x000000000800333c                HAL_GetTick
 .text.HAL_Delay
                0x0000000008003348       0x20 obj/stm32f4xx_hal.o
                0x0000000008003348                HAL_Delay
 .text.HAL_SuspendTick
                0x0000000008003368       0x10 obj/stm32f4xx_hal.o
                0x0000000008003368                HAL_SuspendTick
 .text.HAL_ResumeTick
                0x0000000008003378       0x10 obj/stm32f4xx_hal.o
                0x0000000008003378                HAL_ResumeTick
 .text.HAL_GetHalVersion
                0x0000000008003388        0x8 obj/stm32f4xx_hal.o
                0x0000000008003388                HAL_GetHalVersion
 .text.HAL_GetREVID
                0x0000000008003390        0xc obj/stm32f4xx_hal.o
                0x0000000008003390                HAL_GetREVID
 .text.HAL_GetDEVID
                0x000000000800339c       0x10 obj/stm32f4xx_hal.o
                0x000000000800339c                HAL_GetDEVID
 .text.HAL_DBGMCU_EnableDBGSleepMode
                0x00000000080033ac       0x10 obj/stm32f4xx_hal.o
                0x00000000080033ac                HAL_DBGMCU_EnableDBGSleepMode
 .text.HAL_DBGMCU_DisableDBGSleepMode
                0x00000000080033bc       0x10 obj/stm32f4xx_hal.o
                0x00000000080033bc                HAL_DBGMCU_DisableDBGSleepMode
 .text.HAL_DBGMCU_EnableDBGStopMode
                0x00000000080033cc       0x10 obj/stm32f4xx_hal.o
                0x00000000080033cc                HAL_DBGMCU_EnableDBGStopMode
 .text.HAL_DBGMCU_DisableDBGStopMode
                0x00000000080033dc       0x10 obj/stm32f4xx_hal.o
                0x00000000080033dc                HAL_DBGMCU_DisableDBGStopMode
 .text.HAL_DBGMCU_EnableDBGStandbyMode
                0x00000000080033ec       0x10 obj/stm32f4xx_hal.o
                0x00000000080033ec                HAL_DBGMCU_EnableDBGStandbyMode
 .text.HAL_DBGMCU_DisableDBGStandbyMode
                0x00000000080033fc       0x10 obj/stm32f4xx_hal.o
                0x00000000080033fc                HAL_DBGMCU_DisableDBGStandbyMode
 .text.HAL_EnableCompensationCell
                0x000000000800340c       0x18 obj/stm32f4xx_hal.o
                0x000000000800340c                HAL_EnableCompensationCell
 .text.HAL_DisableCompensationCell
                0x0000000008003424       0x1c obj/stm32f4xx_hal.o
                0x0000000008003424                HAL_DisableCompensationCell
 .text.HAL_GetUID
                0x0000000008003440       0x20 obj/stm32f4xx_hal.o
                0x0000000008003440                HAL_GetUID
 .text.HAL_PWR_DeInit
                0x0000000008003460       0x18 obj/stm32f4xx_hal_pwr.o
                0x0000000008003460                HAL_PWR_DeInit
 .text.HAL_PWR_EnableBkUpAccess
                0x0000000008003478       0x1c obj/stm32f4xx_hal_pwr.o
                0x0000000008003478                HAL_PWR_EnableBkUpAccess
 .text.HAL_PWR_DisableBkUpAccess
                0x0000000008003494       0x1c obj/stm32f4xx_hal_pwr.o
                0x0000000008003494                HAL_PWR_DisableBkUpAccess
 .text.HAL_PWR_ConfigPVD
                0x00000000080034b0       0x78 obj/stm32f4xx_hal_pwr.o
                0x00000000080034b0                HAL_PWR_ConfigPVD
 .text.HAL_PWR_EnablePVD
                0x0000000008003528       0x1a obj/stm32f4xx_hal_pwr.o
                0x0000000008003528                HAL_PWR_EnablePVD
 .text.HAL_PWR_DisablePVD
                0x0000000008003542       0x1a obj/stm32f4xx_hal_pwr.o
                0x0000000008003542                HAL_PWR_DisablePVD
 .text.HAL_PWR_EnableWakeUpPin
                0x000000000800355c       0x10 obj/stm32f4xx_hal_pwr.o
                0x000000000800355c                HAL_PWR_EnableWakeUpPin
 .text.HAL_PWR_DisableWakeUpPin
                0x000000000800356c       0x10 obj/stm32f4xx_hal_pwr.o
                0x000000000800356c                HAL_PWR_DisableWakeUpPin
 .text.HAL_PWR_EnterSLEEPMode
                0x000000000800357c       0x20 obj/stm32f4xx_hal_pwr.o
                0x000000000800357c                HAL_PWR_EnterSLEEPMode
 .text.HAL_PWR_EnterSTOPMode
                0x000000000800359c       0x38 obj/stm32f4xx_hal_pwr.o
                0x000000000800359c                HAL_PWR_EnterSTOPMode
 .text.HAL_PWR_EnterSTANDBYMode
                0x00000000080035d4       0x20 obj/stm32f4xx_hal_pwr.o
                0x00000000080035d4                HAL_PWR_EnterSTANDBYMode
 .text.HAL_PWR_PVDCallback
                0x00000000080035f4        0x2 obj/stm32f4xx_hal_pwr.o
                0x00000000080035f4                HAL_PWR_PVDCallback
 *fill*         0x00000000080035f6        0x2 
 .text.HAL_PWR_PVD_IRQHandler
                0x00000000080035f8       0x1c obj/stm32f4xx_hal_pwr.o
                0x00000000080035f8                HAL_PWR_PVD_IRQHandler
 .text.HAL_PWR_EnableSleepOnExit
                0x0000000008003614       0x10 obj/stm32f4xx_hal_pwr.o
                0x0000000008003614                HAL_PWR_EnableSleepOnExit
 .text.HAL_PWR_DisableSleepOnExit
                0x0000000008003624       0x10 obj/stm32f4xx_hal_pwr.o
                0x0000000008003624                HAL_PWR_DisableSleepOnExit
 .text.HAL_PWR_EnableSEVOnPend
                0x0000000008003634       0x10 obj/stm32f4xx_hal_pwr.o
                0x0000000008003634                HAL_PWR_EnableSEVOnPend
 .text.HAL_PWR_DisableSEVOnPend
                0x0000000008003644       0x10 obj/stm32f4xx_hal_pwr.o
                0x0000000008003644                HAL_PWR_DisableSEVOnPend
 .text.HAL_PCDEx_SetTxFiFo
                0x0000000008003654       0x40 obj/stm32f4xx_hal_pcd_ex.o
                0x0000000008003654                HAL_PCDEx_SetTxFiFo
 .text.HAL_PCDEx_SetRxFiFo
                0x0000000008003694        0x8 obj/stm32f4xx_hal_pcd_ex.o
                0x0000000008003694                HAL_PCDEx_SetRxFiFo
 .text.HAL_GPIO_Init
                0x000000000800369c      0x190 obj/stm32f4xx_hal_gpio.o
                0x000000000800369c                HAL_GPIO_Init
 .text.HAL_GPIO_DeInit
                0x000000000800382c       0xec obj/stm32f4xx_hal_gpio.o
                0x000000000800382c                HAL_GPIO_DeInit
 .text.HAL_GPIO_ReadPin
                0x0000000008003918        0xc obj/stm32f4xx_hal_gpio.o
                0x0000000008003918                HAL_GPIO_ReadPin
 .text.HAL_GPIO_WritePin
                0x0000000008003924        0xa obj/stm32f4xx_hal_gpio.o
                0x0000000008003924                HAL_GPIO_WritePin
 .text.HAL_GPIO_TogglePin
                0x000000000800392e        0x8 obj/stm32f4xx_hal_gpio.o
                0x000000000800392e                HAL_GPIO_TogglePin
 .text.HAL_GPIO_LockPin
                0x0000000008003936       0x2a obj/stm32f4xx_hal_gpio.o
                0x0000000008003936                HAL_GPIO_LockPin
 .text.HAL_GPIO_EXTI_Callback
                0x0000000008003960        0x2 obj/stm32f4xx_hal_gpio.o
                0x0000000008003960                HAL_GPIO_EXTI_Callback
 *fill*         0x0000000008003962        0x2 
 .text.HAL_GPIO_EXTI_IRQHandler
                0x0000000008003964       0x18 obj/stm32f4xx_hal_gpio.o
                0x0000000008003964                HAL_GPIO_EXTI_IRQHandler
 .text.HAL_RCCEx_PeriphCLKConfig
                0x000000000800397c      0x158 obj/stm32f4xx_hal_rcc_ex.o
                0x000000000800397c                HAL_RCCEx_PeriphCLKConfig
 .text.HAL_RCCEx_GetPeriphCLKConfig
                0x0000000008003ad4       0x58 obj/stm32f4xx_hal_rcc_ex.o
                0x0000000008003ad4                HAL_RCCEx_GetPeriphCLKConfig
 .text.HAL_RCCEx_GetPeriphCLKFreq
                0x0000000008003b2c       0x4c obj/stm32f4xx_hal_rcc_ex.o
                0x0000000008003b2c                HAL_RCCEx_GetPeriphCLKFreq
 .text.HAL_RCC_DeInit
                0x0000000008003b78       0x54 obj/stm32f4xx_hal_rcc_ex.o
                0x0000000008003b78                HAL_RCC_DeInit
 .text.HAL_NVIC_SetPriorityGrouping
                0x0000000008003bcc       0x24 obj/stm32f4xx_hal_cortex.o
                0x0000000008003bcc                HAL_NVIC_SetPriorityGrouping
 .text.HAL_NVIC_SetPriority
                0x0000000008003bf0       0x68 obj/stm32f4xx_hal_cortex.o
                0x0000000008003bf0                HAL_NVIC_SetPriority
 .text.HAL_NVIC_EnableIRQ
                0x0000000008003c58       0x18 obj/stm32f4xx_hal_cortex.o
                0x0000000008003c58                HAL_NVIC_EnableIRQ
 .text.HAL_NVIC_DisableIRQ
                0x0000000008003c70       0x1c obj/stm32f4xx_hal_cortex.o
                0x0000000008003c70                HAL_NVIC_DisableIRQ
 .text.HAL_NVIC_SystemReset
                0x0000000008003c8c       0x24 obj/stm32f4xx_hal_cortex.o
                0x0000000008003c8c                HAL_NVIC_SystemReset
 .text.HAL_SYSTICK_Config
                0x0000000008003cb0       0x2c obj/stm32f4xx_hal_cortex.o
                0x0000000008003cb0                HAL_SYSTICK_Config
 .text.HAL_MPU_Disable
                0x0000000008003cdc       0x20 obj/stm32f4xx_hal_cortex.o
                0x0000000008003cdc                HAL_MPU_Disable
 .text.HAL_MPU_Enable
                0x0000000008003cfc       0x24 obj/stm32f4xx_hal_cortex.o
                0x0000000008003cfc                HAL_MPU_Enable
 .text.HAL_MPU_ConfigRegion
                0x0000000008003d20       0x4c obj/stm32f4xx_hal_cortex.o
                0x0000000008003d20                HAL_MPU_ConfigRegion
 .text.HAL_NVIC_GetPriorityGrouping
                0x0000000008003d6c       0x10 obj/stm32f4xx_hal_cortex.o
                0x0000000008003d6c                HAL_NVIC_GetPriorityGrouping
 .text.HAL_NVIC_GetPriority
                0x0000000008003d7c       0x5c obj/stm32f4xx_hal_cortex.o
                0x0000000008003d7c                HAL_NVIC_GetPriority
 .text.HAL_NVIC_SetPendingIRQ
                0x0000000008003dd8       0x1c obj/stm32f4xx_hal_cortex.o
                0x0000000008003dd8                HAL_NVIC_SetPendingIRQ
 .text.HAL_NVIC_GetPendingIRQ
                0x0000000008003df4       0x1c obj/stm32f4xx_hal_cortex.o
                0x0000000008003df4                HAL_NVIC_GetPendingIRQ
 .text.HAL_NVIC_ClearPendingIRQ
                0x0000000008003e10       0x1c obj/stm32f4xx_hal_cortex.o
                0x0000000008003e10                HAL_NVIC_ClearPendingIRQ
 .text.HAL_NVIC_GetActive
                0x0000000008003e2c       0x1c obj/stm32f4xx_hal_cortex.o
                0x0000000008003e2c                HAL_NVIC_GetActive
 .text.HAL_SYSTICK_CLKSourceConfig
                0x0000000008003e48       0x18 obj/stm32f4xx_hal_cortex.o
                0x0000000008003e48                HAL_SYSTICK_CLKSourceConfig
 .text.HAL_SYSTICK_Callback
                0x0000000008003e60        0x2 obj/stm32f4xx_hal_cortex.o
                0x0000000008003e60                HAL_SYSTICK_Callback
 .text.HAL_SYSTICK_IRQHandler
                0x0000000008003e62        0x8 obj/stm32f4xx_hal_cortex.o
                0x0000000008003e62                HAL_SYSTICK_IRQHandler
 *fill*         0x0000000008003e6a        0x2 
 .text.DMA_CalcBaseAndBitshift
                0x0000000008003e6c       0x2c obj/stm32f4xx_hal_dma.o
 .text.HAL_DMA_Init
                0x0000000008003e98      0x104 obj/stm32f4xx_hal_dma.o
                0x0000000008003e98                HAL_DMA_Init
 .text.HAL_DMA_DeInit
                0x0000000008003f9c       0x54 obj/stm32f4xx_hal_dma.o
                0x0000000008003f9c                HAL_DMA_DeInit
 .text.HAL_DMA_Start
                0x0000000008003ff0       0x60 obj/stm32f4xx_hal_dma.o
                0x0000000008003ff0                HAL_DMA_Start
 .text.HAL_DMA_Start_IT
                0x0000000008004050       0x8c obj/stm32f4xx_hal_dma.o
                0x0000000008004050                HAL_DMA_Start_IT
 .text.HAL_DMA_Abort
                0x00000000080040dc       0x8c obj/stm32f4xx_hal_dma.o
                0x00000000080040dc                HAL_DMA_Abort
 .text.HAL_DMA_Abort_IT
                0x0000000008004168       0x24 obj/stm32f4xx_hal_dma.o
                0x0000000008004168                HAL_DMA_Abort_IT
 .text.HAL_DMA_PollForTransfer
                0x000000000800418c      0x120 obj/stm32f4xx_hal_dma.o
                0x000000000800418c                HAL_DMA_PollForTransfer
 .text.HAL_DMA_IRQHandler
                0x00000000080042ac      0x19c obj/stm32f4xx_hal_dma.o
                0x00000000080042ac                HAL_DMA_IRQHandler
 .text.HAL_DMA_RegisterCallback
                0x0000000008004448       0x50 obj/stm32f4xx_hal_dma.o
                0x0000000008004448                HAL_DMA_RegisterCallback
 .text.HAL_DMA_UnRegisterCallback
                0x0000000008004498       0x60 obj/stm32f4xx_hal_dma.o
                0x0000000008004498                HAL_DMA_UnRegisterCallback
 .text.HAL_DMA_GetState
                0x00000000080044f8        0x6 obj/stm32f4xx_hal_dma.o
                0x00000000080044f8                HAL_DMA_GetState
 .text.HAL_DMA_GetError
                0x00000000080044fe        0x4 obj/stm32f4xx_hal_dma.o
                0x00000000080044fe                HAL_DMA_GetError
 *fill*         0x0000000008004502        0x2 
 .text.FLASH_MassErase.isra.0
                0x0000000008004504       0x24 obj/stm32f4xx_hal_flash_ex.o
 .text.HAL_FLASHEx_OBProgram
                0x0000000008004528       0xb4 obj/stm32f4xx_hal_flash_ex.o
                0x0000000008004528                HAL_FLASHEx_OBProgram
 .text.HAL_FLASHEx_OBGetConfig
                0x00000000080045dc       0x48 obj/stm32f4xx_hal_flash_ex.o
                0x00000000080045dc                HAL_FLASHEx_OBGetConfig
 .text.HAL_FLASHEx_AdvOBProgram
                0x0000000008004624       0x40 obj/stm32f4xx_hal_flash_ex.o
                0x0000000008004624                HAL_FLASHEx_AdvOBProgram
 .text.HAL_FLASHEx_AdvOBGetConfig
                0x0000000008004664        0xc obj/stm32f4xx_hal_flash_ex.o
                0x0000000008004664                HAL_FLASHEx_AdvOBGetConfig
 .text.HAL_FLASHEx_OB_SelectPCROP
                0x0000000008004670       0x14 obj/stm32f4xx_hal_flash_ex.o
                0x0000000008004670                HAL_FLASHEx_OB_SelectPCROP
 .text.HAL_FLASHEx_OB_DeSelectPCROP
                0x0000000008004684       0x14 obj/stm32f4xx_hal_flash_ex.o
                0x0000000008004684                HAL_FLASHEx_OB_DeSelectPCROP
 .text.FLASH_Erase_Sector
                0x0000000008004698       0x54 obj/stm32f4xx_hal_flash_ex.o
                0x0000000008004698                FLASH_Erase_Sector
 .text.HAL_FLASHEx_Erase_IT
                0x00000000080046ec       0x60 obj/stm32f4xx_hal_flash_ex.o
                0x00000000080046ec                HAL_FLASHEx_Erase_IT
 .text.FLASH_FlushCaches
                0x000000000800474c       0x58 obj/stm32f4xx_hal_flash_ex.o
                0x000000000800474c                FLASH_FlushCaches
 .text.HAL_FLASHEx_Erase
                0x00000000080047a4       0x9c obj/stm32f4xx_hal_flash_ex.o
                0x00000000080047a4                HAL_FLASHEx_Erase
 .text.HAL_DMAEx_MultiBufferStart
                0x0000000008004840       0x6a obj/stm32f4xx_hal_dma_ex.o
                0x0000000008004840                HAL_DMAEx_MultiBufferStart
 *fill*         0x00000000080048aa        0x2 
 .text.HAL_DMAEx_MultiBufferStart_IT
                0x00000000080048ac      0xb2c obj/stm32f4xx_hal_dma_ex.o
                0x00000000080048ac                HAL_DMAEx_MultiBufferStart_IT
 .text.HAL_DMAEx_ChangeMemory
                0x00000000080053d8        0xe obj/stm32f4xx_hal_dma_ex.o
                0x00000000080053d8                HAL_DMAEx_ChangeMemory
 .text.HAL_RCC_DeInit
                0x00000000080053e6        0x2 obj/stm32f4xx_hal_rcc.o
 .text.HAL_RCC_OscConfig
                0x00000000080053e8      0x328 obj/stm32f4xx_hal_rcc.o
                0x00000000080053e8                HAL_RCC_OscConfig
 .text.HAL_RCC_MCOConfig
                0x0000000008005710       0x98 obj/stm32f4xx_hal_rcc.o
                0x0000000008005710                HAL_RCC_MCOConfig
 .text.HAL_RCC_EnableCSS
                0x00000000080057a8        0xc obj/stm32f4xx_hal_rcc.o
                0x00000000080057a8                HAL_RCC_EnableCSS
 .text.HAL_RCC_DisableCSS
                0x00000000080057b4        0xc obj/stm32f4xx_hal_rcc.o
                0x00000000080057b4                HAL_RCC_DisableCSS
 .text.HAL_RCC_GetSysClockFreq
                0x00000000080057c0       0x74 obj/stm32f4xx_hal_rcc.o
                0x00000000080057c0                HAL_RCC_GetSysClockFreq
 .text.HAL_RCC_ClockConfig
                0x0000000008005834      0x16c obj/stm32f4xx_hal_rcc.o
                0x0000000008005834                HAL_RCC_ClockConfig
 .text.HAL_RCC_GetHCLKFreq
                0x00000000080059a0        0xc obj/stm32f4xx_hal_rcc.o
                0x00000000080059a0                HAL_RCC_GetHCLKFreq
 .text.HAL_RCC_GetPCLK1Freq
                0x00000000080059ac       0x30 obj/stm32f4xx_hal_rcc.o
                0x00000000080059ac                HAL_RCC_GetPCLK1Freq
 .text.HAL_RCC_GetPCLK2Freq
                0x00000000080059dc       0x30 obj/stm32f4xx_hal_rcc.o
                0x00000000080059dc                HAL_RCC_GetPCLK2Freq
 .text.HAL_RCC_GetOscConfig
                0x0000000008005a0c       0xc8 obj/stm32f4xx_hal_rcc.o
                0x0000000008005a0c                HAL_RCC_GetOscConfig
 .text.HAL_RCC_GetClockConfig
                0x0000000008005ad4       0x3c obj/stm32f4xx_hal_rcc.o
                0x0000000008005ad4                HAL_RCC_GetClockConfig
 .text.HAL_RCC_CSSCallback
                0x0000000008005b10        0x2 obj/stm32f4xx_hal_rcc.o
                0x0000000008005b10                HAL_RCC_CSSCallback
 *fill*         0x0000000008005b12        0x2 
 .text.HAL_RCC_NMI_IRQHandler
                0x0000000008005b14       0x20 obj/stm32f4xx_hal_rcc.o
                0x0000000008005b14                HAL_RCC_NMI_IRQHandler
 .text.FLASH_Program_DoubleWord
                0x0000000008005b34       0x28 obj/stm32f4xx_hal_flash.o
 .text.FLASH_Program_Word
                0x0000000008005b5c       0x24 obj/stm32f4xx_hal_flash.o
 .text.FLASH_Program_HalfWord
                0x0000000008005b80       0x24 obj/stm32f4xx_hal_flash.o
 .text.FLASH_SetErrorCode
                0x0000000008005ba4       0x8c obj/stm32f4xx_hal_flash.o
 .text.HAL_FLASH_Program_IT
                0x0000000008005c30       0x74 obj/stm32f4xx_hal_flash.o
                0x0000000008005c30                HAL_FLASH_Program_IT
 .text.HAL_FLASH_EndOfOperationCallback
                0x0000000008005ca4        0x2 obj/stm32f4xx_hal_flash.o
                0x0000000008005ca4                HAL_FLASH_EndOfOperationCallback
 .text.HAL_FLASH_OperationErrorCallback
                0x0000000008005ca6        0x2 obj/stm32f4xx_hal_flash.o
                0x0000000008005ca6                HAL_FLASH_OperationErrorCallback
 .text.HAL_FLASH_IRQHandler
                0x0000000008005ca8       0xc4 obj/stm32f4xx_hal_flash.o
                0x0000000008005ca8                HAL_FLASH_IRQHandler
 .text.HAL_FLASH_Unlock
                0x0000000008005d6c       0x24 obj/stm32f4xx_hal_flash.o
                0x0000000008005d6c                HAL_FLASH_Unlock
 .text.HAL_FLASH_Lock
                0x0000000008005d90       0x14 obj/stm32f4xx_hal_flash.o
                0x0000000008005d90                HAL_FLASH_Lock
 .text.HAL_FLASH_OB_Unlock
                0x0000000008005da4       0x24 obj/stm32f4xx_hal_flash.o
                0x0000000008005da4                HAL_FLASH_OB_Unlock
 .text.HAL_FLASH_OB_Lock
                0x0000000008005dc8       0x14 obj/stm32f4xx_hal_flash.o
                0x0000000008005dc8                HAL_FLASH_OB_Lock
 .text.HAL_FLASH_GetError
                0x0000000008005ddc        0xc obj/stm32f4xx_hal_flash.o
                0x0000000008005ddc                HAL_FLASH_GetError
 .text.FLASH_WaitForLastOperation
                0x0000000008005de8       0x54 obj/stm32f4xx_hal_flash.o
                0x0000000008005de8                FLASH_WaitForLastOperation
 .text.HAL_FLASH_Program
                0x0000000008005e3c       0x8c obj/stm32f4xx_hal_flash.o
                0x0000000008005e3c                HAL_FLASH_Program
 .text.HAL_FLASH_OB_Launch
                0x0000000008005ec8       0x18 obj/stm32f4xx_hal_flash.o
                0x0000000008005ec8                HAL_FLASH_OB_Launch
 .text.HAL_PWREx_EnableBkUpReg
                0x0000000008005ee0       0x44 obj/stm32f4xx_hal_pwr_ex.o
                0x0000000008005ee0                HAL_PWREx_EnableBkUpReg
 .text.HAL_PWREx_DisableBkUpReg
                0x0000000008005f24       0x44 obj/stm32f4xx_hal_pwr_ex.o
                0x0000000008005f24                HAL_PWREx_DisableBkUpReg
 .text.HAL_PWREx_EnableFlashPowerDown
                0x0000000008005f68       0x1c obj/stm32f4xx_hal_pwr_ex.o
                0x0000000008005f68                HAL_PWREx_EnableFlashPowerDown
 .text.HAL_PWREx_DisableFlashPowerDown
                0x0000000008005f84       0x1c obj/stm32f4xx_hal_pwr_ex.o
                0x0000000008005f84                HAL_PWREx_DisableFlashPowerDown
 .text.HAL_PWREx_GetVoltageRange
                0x0000000008005fa0       0x10 obj/stm32f4xx_hal_pwr_ex.o
                0x0000000008005fa0                HAL_PWREx_GetVoltageRange
 .text.HAL_PWREx_ControlVoltageScaling
                0x0000000008005fb0       0xb0 obj/stm32f4xx_hal_pwr_ex.o
                0x0000000008005fb0                HAL_PWREx_ControlVoltageScaling
 .text.HAL_PWREx_EnableMainRegulatorLowVoltage
                0x0000000008006060       0x1c obj/stm32f4xx_hal_pwr_ex.o
                0x0000000008006060                HAL_PWREx_EnableMainRegulatorLowVoltage
 .text.HAL_PWREx_DisableMainRegulatorLowVoltage
                0x000000000800607c       0x1c obj/stm32f4xx_hal_pwr_ex.o
                0x000000000800607c                HAL_PWREx_DisableMainRegulatorLowVoltage
 .text.HAL_PWREx_EnableLowRegulatorLowVoltage
                0x0000000008006098       0x1c obj/stm32f4xx_hal_pwr_ex.o
                0x0000000008006098                HAL_PWREx_EnableLowRegulatorLowVoltage
 .text.HAL_PWREx_DisableLowRegulatorLowVoltage
                0x00000000080060b4       0x1c obj/stm32f4xx_hal_pwr_ex.o
                0x00000000080060b4                HAL_PWREx_DisableLowRegulatorLowVoltage
 *(.glue_7)
 .glue_7        0x00000000080060d0        0x0 linker stubs
 *(.glue_7t)
 .glue_7t       0x00000000080060d0        0x0 linker stubs
 *(.eh_frame)
 *(.init)
 *(.fini)
                0x00000000080060d0                . = ALIGN (0x4)
                0x00000000080060d0                _etext = .

.vfp11_veneer   0x00000000080060d0        0x0
 .vfp11_veneer  0x00000000080060d0        0x0 linker stubs

.v4_bx          0x00000000080060d0        0x0
 .v4_bx         0x00000000080060d0        0x0 linker stubs

.iplt           0x00000000080060d0        0x0
 .iplt          0x00000000080060d0        0x0 obj//startup_stm32f401xc.o

.rodata         0x00000000080060d0       0x74
                0x00000000080060d0                . = ALIGN (0x4)
 *(.rodata)
 *(.rodata*)
 .rodata.CSWTCH.2
                0x00000000080060d0        0x4 obj/usbd_conf.o
 .rodata.USBD_FS_ConfigStrDescriptor.str1.1
                0x00000000080060d4        0xb obj/usbd_desc.o
 .rodata.USBD_FS_InterfaceStrDescriptor.str1.1
                0x00000000080060df        0xe obj/usbd_desc.o
 .rodata.USBD_FS_ManufacturerStrDescriptor.str1.1
                0x00000000080060ed       0x13 obj/usbd_desc.o
 .rodata.USBD_FS_ProductStrDescriptor.str1.1
                0x0000000008006100       0x16 obj/usbd_desc.o
 .rodata.USBD_FS_SerialStrDescriptor.str1.1
                0x0000000008006116        0xd obj/usbd_desc.o
 .rodata.AHBPrescTable
                0x0000000008006123       0x10 obj/system_stm32f4xx.o
                0x0000000008006123                AHBPrescTable
 .rodata.APBPrescTable
                0x0000000008006133        0x8 obj/system_stm32f4xx.o
                0x0000000008006133                APBPrescTable
 .rodata.flagBitshiftOffset.8668
                0x000000000800613b        0x8 obj/stm32f4xx_hal_dma.o
                0x0000000008006144                . = ALIGN (0x4)
 *fill*         0x0000000008006143        0x1 

.rel.dyn        0x0000000008006144        0x0
 .rel.iplt      0x0000000008006144        0x0 obj//startup_stm32f401xc.o

.ARM.extab
 *(.ARM.extab* .gnu.linkonce.armextab.*)

.ARM            0x0000000008006144        0x0
                0x0000000008006144                __exidx_start = .
 *(.ARM.exidx*)
                0x0000000008006144                __exidx_end = .

.preinit_array  0x0000000008006144        0x0
                [!provide]                        PROVIDE (__preinit_array_start = .)
 *(.preinit_array*)
                [!provide]                        PROVIDE (__preinit_array_end = .)

.init_array     0x0000000008006144        0x0
                [!provide]                        PROVIDE (__init_array_start = .)
 *(SORT_BY_NAME(.init_array.*))
 *(.init_array*)
                [!provide]                        PROVIDE (__init_array_end = .)

.fini_array     0x0000000008006144        0x0
                [!provide]                        PROVIDE (__fini_array_start = .)
 *(SORT_BY_NAME(.fini_array.*))
 *(.fini_array*)
                [!provide]                        PROVIDE (__fini_array_end = .)
                0x0000000008006144                _sidata = LOADADDR (.data)

.data           0x0000000020000000      0x15c load address 0x0000000008006144
                0x0000000020000000                . = ALIGN (0x4)
                0x0000000020000000                _sdata = .
 *(.data)
 .data          0x0000000020000000        0x0 obj//startup_stm32f401xc.o
 .data          0x0000000020000000        0x0 obj/usbd_cdc_if.o
 .data          0x0000000020000000        0x0 obj/usbd_conf.o
 .data          0x0000000020000000        0x0 obj/usbd_core.o
 .data          0x0000000020000000        0x0 obj/usbd_ioreq.o
 .data          0x0000000020000000        0x0 obj/usbd_ctlreq.o
 .data          0x0000000020000000        0x0 obj/stm32f4xx_hal_msp.o
 .data          0x0000000020000000        0x0 obj/usbd_cdc.o
 .data          0x0000000020000000        0x0 obj/main.o
 .data          0x0000000020000000        0x0 obj/stm32f4xx_it.o
 .data          0x0000000020000000        0x0 obj/usb_device.o
 .data          0x0000000020000000        0x0 obj/usbd_desc.o
 .data          0x0000000020000000        0x0 obj/circbuf.o
 .data          0x0000000020000000        0x0 obj/system_stm32f4xx.o
 .data          0x0000000020000000        0x0 obj/stm32f4xx_hal_pcd.o
 .data          0x0000000020000000        0x0 obj/stm32f4xx_ll_usb.o
 .data          0x0000000020000000        0x0 obj/stm32f4xx_hal.o
 .data          0x0000000020000000        0x0 obj/stm32f4xx_hal_pwr.o
 .data          0x0000000020000000        0x0 obj/stm32f4xx_hal_tim.o
 .data          0x0000000020000000        0x0 obj/stm32f4xx_hal_pcd_ex.o
 .data          0x0000000020000000        0x0 obj/stm32f4xx_hal_adc.o
 .data          0x0000000020000000        0x0 obj/stm32f4xx_hal_gpio.o
 .data          0x0000000020000000        0x0 obj/stm32f4xx_hal_rcc_ex.o
 .data          0x0000000020000000        0x0 obj/stm32f4xx_hal_flash_ramfunc.o
 .data          0x0000000020000000        0x0 obj/stm32f4xx_hal_cortex.o
 .data          0x0000000020000000        0x0 obj/stm32f4xx_hal_tim_ex.o
 .data          0x0000000020000000        0x0 obj/stm32f4xx_hal_adc_ex.o
 .data          0x0000000020000000        0x0 obj/stm32f4xx_hal_dma.o
 .data          0x0000000020000000        0x0 obj/stm32f4xx_hal_flash_ex.o
 .data          0x0000000020000000        0x0 obj/stm32f4xx_hal_dma_ex.o
 .data          0x0000000020000000        0x0 obj/stm32f4xx_hal_rcc.o
 .data          0x0000000020000000        0x0 obj/stm32f4xx_hal_flash.o
 .data          0x0000000020000000        0x0 obj/stm32f4xx_hal_pwr_ex.o
 *(.data*)
 .data.USBD_Interface_fops_FS
                0x0000000020000000       0x10 obj/usbd_cdc_if.o
                0x0000000020000000                USBD_Interface_fops_FS
 .data.USBD_CDC
                0x0000000020000010       0x38 obj/usbd_cdc.o
                0x0000000020000010                USBD_CDC
 .data.USBD_CDC_CfgFSDesc
                0x0000000020000048       0x43 obj/usbd_cdc.o
                0x0000000020000048                USBD_CDC_CfgFSDesc
 *fill*         0x000000002000008b        0x1 
 .data.USBD_CDC_CfgHSDesc
                0x000000002000008c       0x43 obj/usbd_cdc.o
                0x000000002000008c                USBD_CDC_CfgHSDesc
 *fill*         0x00000000200000cf        0x1 
 .data.USBD_CDC_DeviceQualifierDesc
                0x00000000200000d0        0xa obj/usbd_cdc.o
 *fill*         0x00000000200000da        0x2 
 .data.USBD_CDC_OtherSpeedCfgDesc
                0x00000000200000dc       0x43 obj/usbd_cdc.o
                0x00000000200000dc                USBD_CDC_OtherSpeedCfgDesc
 *fill*         0x000000002000011f        0x1 
 .data.FS_Desc  0x0000000020000120       0x1c obj/usbd_desc.o
                0x0000000020000120                FS_Desc
 .data.USBD_FS_DeviceDesc
                0x000000002000013c       0x12 obj/usbd_desc.o
                0x000000002000013c                USBD_FS_DeviceDesc
 *fill*         0x000000002000014e        0x2 
 .data.USBD_LangIDDesc
                0x0000000020000150        0x4 obj/usbd_desc.o
                0x0000000020000150                USBD_LangIDDesc
 .data.circular_buffer_1
                0x0000000020000154        0x4 obj/circbuf.o
                0x0000000020000154                circular_buffer_1
 .data.SystemCoreClock
                0x0000000020000158        0x4 obj/system_stm32f4xx.o
                0x0000000020000158                SystemCoreClock
                0x000000002000015c                . = ALIGN (0x4)
                0x000000002000015c                _edata = .

.igot.plt       0x000000002000015c        0x0 load address 0x00000000080062a0
 .igot.plt      0x000000002000015c        0x0 obj//startup_stm32f401xc.o
                0x000000002000015c                . = ALIGN (0x4)

.bss            0x000000002000015c      0x898 load address 0x00000000080062a0
                0x000000002000015c                _sbss = .
                0x000000002000015c                __bss_start__ = _sbss
 *(.bss)
 .bss           0x000000002000015c        0x0 obj//startup_stm32f401xc.o
 .bss           0x000000002000015c        0x0 obj/usbd_cdc_if.o
 .bss           0x000000002000015c        0x0 obj/usbd_conf.o
 .bss           0x000000002000015c        0x0 obj/usbd_core.o
 .bss           0x000000002000015c        0x0 obj/usbd_ioreq.o
 .bss           0x000000002000015c        0x0 obj/usbd_ctlreq.o
 .bss           0x000000002000015c        0x0 obj/stm32f4xx_hal_msp.o
 .bss           0x000000002000015c        0x0 obj/usbd_cdc.o
 .bss           0x000000002000015c        0x0 obj/main.o
 .bss           0x000000002000015c        0x0 obj/stm32f4xx_it.o
 .bss           0x000000002000015c        0x0 obj/usb_device.o
 .bss           0x000000002000015c        0x0 obj/usbd_desc.o
 .bss           0x000000002000015c        0x0 obj/circbuf.o
 .bss           0x000000002000015c        0x0 obj/system_stm32f4xx.o
 .bss           0x000000002000015c        0x0 obj/stm32f4xx_hal_pcd.o
 .bss           0x000000002000015c        0x0 obj/stm32f4xx_ll_usb.o
 .bss           0x000000002000015c        0x0 obj/stm32f4xx_hal.o
 .bss           0x000000002000015c        0x0 obj/stm32f4xx_hal_pwr.o
 .bss           0x000000002000015c        0x0 obj/stm32f4xx_hal_tim.o
 .bss           0x000000002000015c        0x0 obj/stm32f4xx_hal_pcd_ex.o
 .bss           0x000000002000015c        0x0 obj/stm32f4xx_hal_adc.o
 .bss           0x000000002000015c        0x0 obj/stm32f4xx_hal_gpio.o
 .bss           0x000000002000015c        0x0 obj/stm32f4xx_hal_rcc_ex.o
 .bss           0x000000002000015c        0x0 obj/stm32f4xx_hal_flash_ramfunc.o
 .bss           0x000000002000015c        0x0 obj/stm32f4xx_hal_cortex.o
 .bss           0x000000002000015c        0x0 obj/stm32f4xx_hal_tim_ex.o
 .bss           0x000000002000015c        0x0 obj/stm32f4xx_hal_adc_ex.o
 .bss           0x000000002000015c        0x0 obj/stm32f4xx_hal_dma.o
 .bss           0x000000002000015c        0x0 obj/stm32f4xx_hal_flash_ex.o
 .bss           0x000000002000015c        0x0 obj/stm32f4xx_hal_dma_ex.o
 .bss           0x000000002000015c        0x0 obj/stm32f4xx_hal_rcc.o
 .bss           0x000000002000015c        0x0 obj/stm32f4xx_hal_flash.o
 .bss           0x000000002000015c        0x0 obj/stm32f4xx_hal_pwr_ex.o
 *(.bss*)
 .bss.data_overflow
                0x000000002000015c        0x1 obj/usbd_cdc_if.o
 *fill*         0x000000002000015d        0x3 
 .bss.mem.9424  0x0000000020000160       0x10 obj/usbd_conf.o
 .bss.cfgidx.9515
                0x0000000020000170        0x1 obj/usbd_ctlreq.o
 .bss.ifalt.9510
                0x0000000020000171        0x1 obj/usbd_cdc.o
 *fill*         0x0000000020000172        0x2 
 .bss.debug.8604
                0x0000000020000174        0x4 obj/stm32f4xx_ll_usb.o
 *(COMMON)
 COMMON         0x0000000020000178       0x30 obj/usbd_cdc_if.o
                0x0000000020000178                UserRxBufferFS
                0x0000000020000188                UserRxCBufData
                0x0000000020000198                UserTxBufferFS
 COMMON         0x00000000200001a8      0x3f0 obj/usbd_conf.o
                0x00000000200001a8                hpcd_USB_OTG_FS
 COMMON         0x0000000020000598      0x224 obj/usb_device.o
                0x0000000020000598                hUsbDeviceFS
 COMMON         0x00000000200007bc      0x200 obj/usbd_desc.o
                0x00000000200007bc                USBD_StrDesc
 COMMON         0x00000000200009bc       0x14 obj/circbuf.o
                0x00000000200009bc                _cb1
 COMMON         0x00000000200009d0        0x4 obj/stm32f4xx_hal.o
                0x00000000200009d0                uwTick
 COMMON         0x00000000200009d4       0x20 obj/stm32f4xx_hal_flash.o
                0x00000000200009d4                pFlash
                0x00000000200009f4                . = ALIGN (0x4)
                0x00000000200009f4                _ebss = .
                0x00000000200009f4                __bss_end__ = _ebss

._user_heap_stack
                0x00000000200009f4      0x600 load address 0x00000000080062a0
                0x00000000200009f4                . = ALIGN (0x4)
                [!provide]                        PROVIDE (end = .)
                [!provide]                        PROVIDE (_end = .)
                0x0000000020000bf4                . = (. + _Min_Heap_Size)
 *fill*         0x00000000200009f4      0x200 
                0x0000000020000ff4                . = (. + _Min_Stack_Size)
 *fill*         0x0000000020000bf4      0x400 
                0x0000000020000ff4                . = ALIGN (0x4)

/DISCARD/
 libc.a(*)
 libm.a(*)
 libgcc.a(*)

.ARM.attributes
                0x0000000000000000       0x33
 *(.ARM.attributes)
 .ARM.attributes
                0x0000000000000000       0x21 obj//startup_stm32f401xc.o
 .ARM.attributes
                0x0000000000000021       0x32 obj/usbd_cdc_if.o
 .ARM.attributes
                0x0000000000000053       0x32 obj/usbd_conf.o
 .ARM.attributes
                0x0000000000000085       0x32 obj/usbd_core.o
 .ARM.attributes
                0x00000000000000b7       0x32 obj/usbd_ioreq.o
 .ARM.attributes
                0x00000000000000e9       0x32 obj/usbd_ctlreq.o
 .ARM.attributes
                0x000000000000011b       0x32 obj/stm32f4xx_hal_msp.o
 .ARM.attributes
                0x000000000000014d       0x32 obj/usbd_cdc.o
 .ARM.attributes
                0x000000000000017f       0x32 obj/main.o
 .ARM.attributes
                0x00000000000001b1       0x32 obj/stm32f4xx_it.o
 .ARM.attributes
                0x00000000000001e3       0x32 obj/usb_device.o
 .ARM.attributes
                0x0000000000000215       0x32 obj/usbd_desc.o
 .ARM.attributes
                0x0000000000000247       0x32 obj/circbuf.o
 .ARM.attributes
                0x0000000000000279       0x32 obj/system_stm32f4xx.o
 .ARM.attributes
                0x00000000000002ab       0x32 obj/stm32f4xx_hal_pcd.o
 .ARM.attributes
                0x00000000000002dd       0x32 obj/stm32f4xx_ll_usb.o
 .ARM.attributes
                0x000000000000030f       0x32 obj/stm32f4xx_hal.o
 .ARM.attributes
                0x0000000000000341       0x32 obj/stm32f4xx_hal_pwr.o
 .ARM.attributes
                0x0000000000000373       0x37 obj/stm32f4xx_hal_tim.o
 .ARM.attributes
                0x00000000000003aa       0x32 obj/stm32f4xx_hal_pcd_ex.o
 .ARM.attributes
                0x00000000000003dc       0x37 obj/stm32f4xx_hal_adc.o
 .ARM.attributes
                0x0000000000000413       0x32 obj/stm32f4xx_hal_gpio.o
 .ARM.attributes
                0x0000000000000445       0x32 obj/stm32f4xx_hal_rcc_ex.o
 .ARM.attributes
                0x0000000000000477       0x37 obj/stm32f4xx_hal_flash_ramfunc.o
 .ARM.attributes
                0x00000000000004ae       0x32 obj/stm32f4xx_hal_cortex.o
 .ARM.attributes
                0x00000000000004e0       0x37 obj/stm32f4xx_hal_tim_ex.o
 .ARM.attributes
                0x0000000000000517       0x37 obj/stm32f4xx_hal_adc_ex.o
 .ARM.attributes
                0x000000000000054e       0x32 obj/stm32f4xx_hal_dma.o
 .ARM.attributes
                0x0000000000000580       0x32 obj/stm32f4xx_hal_flash_ex.o
 .ARM.attributes
                0x00000000000005b2       0x32 obj/stm32f4xx_hal_dma_ex.o
 .ARM.attributes
                0x00000000000005e4       0x32 obj/stm32f4xx_hal_rcc.o
 .ARM.attributes
                0x0000000000000616       0x32 obj/stm32f4xx_hal_flash.o
 .ARM.attributes
                0x0000000000000648       0x32 obj/stm32f4xx_hal_pwr_ex.o
OUTPUT(MemoryReader.elf elf32-littlearm)

.debug_line     0x0000000000000000    0x14b5d
 .debug_line    0x0000000000000000       0x7b obj//startup_stm32f401xc.o
 .debug_line    0x000000000000007b      0x8e2 obj/usbd_cdc_if.o
 .debug_line    0x000000000000095d      0xc2e obj/usbd_conf.o
 .debug_line    0x000000000000158b      0xb77 obj/usbd_core.o
 .debug_line    0x0000000000002102      0x827 obj/usbd_ioreq.o
 .debug_line    0x0000000000002929      0xc38 obj/usbd_ctlreq.o
 .debug_line    0x0000000000003561      0x63d obj/stm32f4xx_hal_msp.o
 .debug_line    0x0000000000003b9e      0xb6c obj/usbd_cdc.o
 .debug_line    0x000000000000470a      0xaaa obj/main.o
 .debug_line    0x00000000000051b4      0x659 obj/stm32f4xx_it.o
 .debug_line    0x000000000000580d      0x7de obj/usb_device.o
 .debug_line    0x0000000000005feb      0x83c obj/usbd_desc.o
 .debug_line    0x0000000000006827      0x386 obj/circbuf.o
 .debug_line    0x0000000000006bad      0x715 obj/system_stm32f4xx.o
 .debug_line    0x00000000000072c2     0x12a7 obj/stm32f4xx_hal_pcd.o
 .debug_line    0x0000000000008569     0x1c37 obj/stm32f4xx_ll_usb.o
 .debug_line    0x000000000000a1a0      0x90d obj/stm32f4xx_hal.o
 .debug_line    0x000000000000aaad      0x94b obj/stm32f4xx_hal_pwr.o
 .debug_line    0x000000000000b3f8      0x630 obj/stm32f4xx_hal_tim.o
 .debug_line    0x000000000000ba28      0x6fb obj/stm32f4xx_hal_pcd_ex.o
 .debug_line    0x000000000000c123      0x630 obj/stm32f4xx_hal_adc.o
 .debug_line    0x000000000000c753      0xb61 obj/stm32f4xx_hal_gpio.o
 .debug_line    0x000000000000d2b4      0x937 obj/stm32f4xx_hal_rcc_ex.o
 .debug_line    0x000000000000dbeb      0x63a obj/stm32f4xx_hal_flash_ramfunc.o
 .debug_line    0x000000000000e225      0xbb4 obj/stm32f4xx_hal_cortex.o
 .debug_line    0x000000000000edd9      0x633 obj/stm32f4xx_hal_tim_ex.o
 .debug_line    0x000000000000f40c      0x633 obj/stm32f4xx_hal_adc_ex.o
 .debug_line    0x000000000000fa3f     0x1148 obj/stm32f4xx_hal_dma.o
 .debug_line    0x0000000000010b87      0xbd7 obj/stm32f4xx_hal_flash_ex.o
 .debug_line    0x000000000001175e      0xe54 obj/stm32f4xx_hal_dma_ex.o
 .debug_line    0x00000000000125b2     0x10b8 obj/stm32f4xx_hal_rcc.o
 .debug_line    0x000000000001366a      0xb96 obj/stm32f4xx_hal_flash.o
 .debug_line    0x0000000000014200      0x95d obj/stm32f4xx_hal_pwr_ex.o

.debug_info     0x0000000000000000    0x2468d
 .debug_info    0x0000000000000000       0x22 obj//startup_stm32f401xc.o
 .debug_info    0x0000000000000022     0x1336 obj/usbd_cdc_if.o
 .debug_info    0x0000000000001358     0x258e obj/usbd_conf.o
 .debug_info    0x00000000000038e6     0x1606 obj/usbd_core.o
 .debug_info    0x0000000000004eec     0x10fc obj/usbd_ioreq.o
 .debug_info    0x0000000000005fe8     0x1643 obj/usbd_ctlreq.o
 .debug_info    0x000000000000762b      0xc67 obj/stm32f4xx_hal_msp.o
 .debug_info    0x0000000000008292     0x16d4 obj/usbd_cdc.o
 .debug_info    0x0000000000009966     0x1f74 obj/main.o
 .debug_info    0x000000000000b8da      0xe54 obj/stm32f4xx_it.o
 .debug_info    0x000000000000c72e      0xf6c obj/usb_device.o
 .debug_info    0x000000000000d69a      0xe9e obj/usbd_desc.o
 .debug_info    0x000000000000e538      0x368 obj/circbuf.o
 .debug_info    0x000000000000e8a0      0xe34 obj/system_stm32f4xx.o
 .debug_info    0x000000000000f6d4     0x1ebb obj/stm32f4xx_hal_pcd.o
 .debug_info    0x000000000001158f     0x22fc obj/stm32f4xx_ll_usb.o
 .debug_info    0x000000000001388b     0x1241 obj/stm32f4xx_hal.o
 .debug_info    0x0000000000014acc     0x127c obj/stm32f4xx_hal_pwr.o
 .debug_info    0x0000000000015d48      0x9be obj/stm32f4xx_hal_tim.o
 .debug_info    0x0000000000016706      0xec8 obj/stm32f4xx_hal_pcd_ex.o
 .debug_info    0x00000000000175ce      0x9be obj/stm32f4xx_hal_adc.o
 .debug_info    0x0000000000017f8c     0x10e6 obj/stm32f4xx_hal_gpio.o
 .debug_info    0x0000000000019072      0xf9a obj/stm32f4xx_hal_rcc_ex.o
 .debug_info    0x000000000001a00c      0x9be obj/stm32f4xx_hal_flash_ramfunc.o
 .debug_info    0x000000000001a9ca     0x18f9 obj/stm32f4xx_hal_cortex.o
 .debug_info    0x000000000001c2c3      0x9be obj/stm32f4xx_hal_tim_ex.o
 .debug_info    0x000000000001cc81      0x9be obj/stm32f4xx_hal_adc_ex.o
 .debug_info    0x000000000001d63f     0x144d obj/stm32f4xx_hal_dma.o
 .debug_info    0x000000000001ea8c     0x148e obj/stm32f4xx_hal_flash_ex.o
 .debug_info    0x000000000001ff1a      0xf22 obj/stm32f4xx_hal_dma_ex.o
 .debug_info    0x0000000000020e3c     0x17b9 obj/stm32f4xx_hal_rcc.o
 .debug_info    0x00000000000225f5     0x105f obj/stm32f4xx_hal_flash.o
 .debug_info    0x0000000000023654     0x1039 obj/stm32f4xx_hal_pwr_ex.o

.debug_abbrev   0x0000000000000000     0x5bc5
 .debug_abbrev  0x0000000000000000       0x12 obj//startup_stm32f401xc.o
 .debug_abbrev  0x0000000000000012      0x394 obj/usbd_cdc_if.o
 .debug_abbrev  0x00000000000003a6      0x368 obj/usbd_conf.o
 .debug_abbrev  0x000000000000070e      0x364 obj/usbd_core.o
 .debug_abbrev  0x0000000000000a72      0x20d obj/usbd_ioreq.o
 .debug_abbrev  0x0000000000000c7f      0x419 obj/usbd_ctlreq.o
 .debug_abbrev  0x0000000000001098      0x1fc obj/stm32f4xx_hal_msp.o
 .debug_abbrev  0x0000000000001294      0x342 obj/usbd_cdc.o
 .debug_abbrev  0x00000000000015d6      0x39c obj/main.o
 .debug_abbrev  0x0000000000001972      0x227 obj/stm32f4xx_it.o
 .debug_abbrev  0x0000000000001b99      0x20b obj/usb_device.o
 .debug_abbrev  0x0000000000001da4      0x305 obj/usbd_desc.o
 .debug_abbrev  0x00000000000020a9      0x1a1 obj/circbuf.o
 .debug_abbrev  0x000000000000224a      0x1fd obj/system_stm32f4xx.o
 .debug_abbrev  0x0000000000002447      0x3dc obj/stm32f4xx_hal_pcd.o
 .debug_abbrev  0x0000000000002823      0x420 obj/stm32f4xx_ll_usb.o
 .debug_abbrev  0x0000000000002c43      0x36f obj/stm32f4xx_hal.o
 .debug_abbrev  0x0000000000002fb2      0x2f8 obj/stm32f4xx_hal_pwr.o
 .debug_abbrev  0x00000000000032aa      0x17d obj/stm32f4xx_hal_tim.o
 .debug_abbrev  0x0000000000003427      0x253 obj/stm32f4xx_hal_pcd_ex.o
 .debug_abbrev  0x000000000000367a      0x17d obj/stm32f4xx_hal_adc.o
 .debug_abbrev  0x00000000000037f7      0x2b1 obj/stm32f4xx_hal_gpio.o
 .debug_abbrev  0x0000000000003aa8      0x319 obj/stm32f4xx_hal_rcc_ex.o
 .debug_abbrev  0x0000000000003dc1      0x17d obj/stm32f4xx_hal_flash_ramfunc.o
 .debug_abbrev  0x0000000000003f3e      0x421 obj/stm32f4xx_hal_cortex.o
 .debug_abbrev  0x000000000000435f      0x17d obj/stm32f4xx_hal_tim_ex.o
 .debug_abbrev  0x00000000000044dc      0x17d obj/stm32f4xx_hal_adc_ex.o
 .debug_abbrev  0x0000000000004659      0x3b5 obj/stm32f4xx_hal_dma.o
 .debug_abbrev  0x0000000000004a0e      0x3bd obj/stm32f4xx_hal_flash_ex.o
 .debug_abbrev  0x0000000000004dcb      0x2ab obj/stm32f4xx_hal_dma_ex.o
 .debug_abbrev  0x0000000000005076      0x42f obj/stm32f4xx_hal_rcc.o
 .debug_abbrev  0x00000000000054a5      0x3ca obj/stm32f4xx_hal_flash.o
 .debug_abbrev  0x000000000000586f      0x356 obj/stm32f4xx_hal_pwr_ex.o

.debug_aranges  0x0000000000000000      0xcc8
 .debug_aranges
                0x0000000000000000       0x28 obj//startup_stm32f401xc.o
 .debug_aranges
                0x0000000000000028       0x48 obj/usbd_cdc_if.o
 .debug_aranges
                0x0000000000000070      0x108 obj/usbd_conf.o
 .debug_aranges
                0x0000000000000178       0xa8 obj/usbd_core.o
 .debug_aranges
                0x0000000000000220       0x50 obj/usbd_ioreq.o
 .debug_aranges
                0x0000000000000270       0x50 obj/usbd_ctlreq.o
 .debug_aranges
                0x00000000000002c0       0x20 obj/stm32f4xx_hal_msp.o
 .debug_aranges
                0x00000000000002e0       0x90 obj/usbd_cdc.o
 .debug_aranges
                0x0000000000000370       0x38 obj/main.o
 .debug_aranges
                0x00000000000003a8       0x28 obj/stm32f4xx_it.o
 .debug_aranges
                0x00000000000003d0       0x20 obj/usb_device.o
 .debug_aranges
                0x00000000000003f0       0x50 obj/usbd_desc.o
 .debug_aranges
                0x0000000000000440       0x58 obj/circbuf.o
 .debug_aranges
                0x0000000000000498       0x28 obj/system_stm32f4xx.o
 .debug_aranges
                0x00000000000004c0       0xc0 obj/stm32f4xx_hal_pcd.o
 .debug_aranges
                0x0000000000000580      0x178 obj/stm32f4xx_ll_usb.o
 .debug_aranges
                0x00000000000006f8       0xc0 obj/stm32f4xx_hal.o
 .debug_aranges
                0x00000000000007b8       0xa0 obj/stm32f4xx_hal_pwr.o
 .debug_aranges
                0x0000000000000858       0x18 obj/stm32f4xx_hal_tim.o
 .debug_aranges
                0x0000000000000870       0x28 obj/stm32f4xx_hal_pcd_ex.o
 .debug_aranges
                0x0000000000000898       0x18 obj/stm32f4xx_hal_adc.o
 .debug_aranges
                0x00000000000008b0       0x58 obj/stm32f4xx_hal_gpio.o
 .debug_aranges
                0x0000000000000908       0x38 obj/stm32f4xx_hal_rcc_ex.o
 .debug_aranges
                0x0000000000000940       0x18 obj/stm32f4xx_hal_flash_ramfunc.o
 .debug_aranges
                0x0000000000000958       0xa8 obj/stm32f4xx_hal_cortex.o
 .debug_aranges
                0x0000000000000a00       0x18 obj/stm32f4xx_hal_tim_ex.o
 .debug_aranges
                0x0000000000000a18       0x18 obj/stm32f4xx_hal_adc_ex.o
 .debug_aranges
                0x0000000000000a30       0x80 obj/stm32f4xx_hal_dma.o
 .debug_aranges
                0x0000000000000ab0       0x70 obj/stm32f4xx_hal_flash_ex.o
 .debug_aranges
                0x0000000000000b20       0x30 obj/stm32f4xx_hal_dma_ex.o
 .debug_aranges
                0x0000000000000b50       0x80 obj/stm32f4xx_hal_rcc.o
 .debug_aranges
                0x0000000000000bd0       0x90 obj/stm32f4xx_hal_flash.o
 .debug_aranges
                0x0000000000000c60       0x68 obj/stm32f4xx_hal_pwr_ex.o

.debug_str      0x0000000000000000    0x82e8c
 .debug_str     0x0000000000000000       0x66 obj//startup_stm32f401xc.o
 .debug_str     0x0000000000000066    0x7f042 obj/usbd_cdc_if.o
                                      0x7f4bd (size before relaxing)
 .debug_str     0x000000000007f0a8      0xd35 obj/usbd_conf.o
                                      0x7fce9 (size before relaxing)
 .debug_str     0x000000000007fddd      0x140 obj/usbd_core.o
                                      0x7f1b2 (size before relaxing)
 .debug_str     0x000000000007ff1d       0x44 obj/usbd_ioreq.o
                                      0x7eff9 (size before relaxing)
 .debug_str     0x000000000007ff61       0xb3 obj/usbd_ctlreq.o
                                      0x7f0cc (size before relaxing)
 .debug_str     0x0000000000080014       0x41 obj/stm32f4xx_hal_msp.o
                                      0x7e4bd (size before relaxing)
 .debug_str     0x0000000000080055      0x186 obj/usbd_cdc.o
                                      0x7f4ec (size before relaxing)
 .debug_str     0x00000000000801db      0x234 obj/main.o
                                      0x7f735 (size before relaxing)
 .debug_str     0x000000000008040f       0x7d obj/stm32f4xx_it.o
                                      0x7e482 (size before relaxing)
 .debug_str     0x000000000008048c       0x11 obj/usb_device.o
                                      0x7f291 (size before relaxing)
 .debug_str     0x000000000008049d      0x234 obj/usbd_desc.o
                                      0x7eed5 (size before relaxing)
 .debug_str     0x00000000000806d1       0x76 obj/circbuf.o
                                       0x3e83 (size before relaxing)
 .debug_str     0x0000000000080747       0x68 obj/system_stm32f4xx.o
                                      0x7e2a5 (size before relaxing)
 .debug_str     0x00000000000807af      0x492 obj/stm32f4xx_hal_pcd.o
                                      0x7eb70 (size before relaxing)
 .debug_str     0x0000000000080c41      0x3c4 obj/stm32f4xx_ll_usb.o
                                      0x7eae9 (size before relaxing)
 .debug_str     0x0000000000081005      0x52c obj/stm32f4xx_hal.o
                                      0x7ec2e (size before relaxing)
 .debug_str     0x0000000000081531      0x28a obj/stm32f4xx_hal_pwr.o
                                      0x7e513 (size before relaxing)
 .debug_str     0x00000000000817bb       0x35 obj/stm32f4xx_hal_tim.o
                                      0x7e110 (size before relaxing)
 .debug_str     0x00000000000817f0       0x47 obj/stm32f4xx_hal_pcd_ex.o
                                      0x7e4a6 (size before relaxing)
 .debug_str     0x0000000000081837       0x35 obj/stm32f4xx_hal_adc.o
                                      0x7e110 (size before relaxing)
 .debug_str     0x000000000008186c      0x1a6 obj/stm32f4xx_hal_gpio.o
                                      0x7e4e9 (size before relaxing)
 .debug_str     0x0000000000081a12      0x163 obj/stm32f4xx_hal_rcc_ex.o
                                      0x7e3d6 (size before relaxing)
 .debug_str     0x0000000000081b75       0x3f obj/stm32f4xx_hal_flash_ramfunc.o
                                      0x7e11a (size before relaxing)
 .debug_str     0x0000000000081bb4      0x319 obj/stm32f4xx_hal_cortex.o
                                      0x7e9e2 (size before relaxing)
 .debug_str     0x0000000000081ecd       0x38 obj/stm32f4xx_hal_tim_ex.o
                                      0x7e113 (size before relaxing)
 .debug_str     0x0000000000081f05       0x38 obj/stm32f4xx_hal_adc_ex.o
                                      0x7e113 (size before relaxing)
 .debug_str     0x0000000000081f3d      0x503 obj/stm32f4xx_hal_dma.o
                                      0x7e6b9 (size before relaxing)
 .debug_str     0x0000000000082440      0x400 obj/stm32f4xx_hal_flash_ex.o
                                      0x7e5d6 (size before relaxing)
 .debug_str     0x0000000000082840      0x101 obj/stm32f4xx_hal_dma_ex.o
                                      0x7e495 (size before relaxing)
 .debug_str     0x0000000000082941      0x1fe obj/stm32f4xx_hal_rcc.o
                                      0x7e6ba (size before relaxing)
 .debug_str     0x0000000000082b3f      0x1b9 obj/stm32f4xx_hal_flash.o
                                      0x7e499 (size before relaxing)
 .debug_str     0x0000000000082cf8      0x194 obj/stm32f4xx_hal_pwr_ex.o
                                      0x7e486 (size before relaxing)

.debug_ranges   0x0000000000000000     0x1080
 .debug_ranges  0x0000000000000000       0x20 obj//startup_stm32f401xc.o
 .debug_ranges  0x0000000000000020       0x68 obj/usbd_cdc_if.o
 .debug_ranges  0x0000000000000088      0x110 obj/usbd_conf.o
 .debug_ranges  0x0000000000000198       0x98 obj/usbd_core.o
 .debug_ranges  0x0000000000000230       0x40 obj/usbd_ioreq.o
 .debug_ranges  0x0000000000000270       0xe8 obj/usbd_ctlreq.o
 .debug_ranges  0x0000000000000358       0x10 obj/stm32f4xx_hal_msp.o
 .debug_ranges  0x0000000000000368       0x80 obj/usbd_cdc.o
 .debug_ranges  0x00000000000003e8      0x118 obj/main.o
 .debug_ranges  0x0000000000000500       0x18 obj/stm32f4xx_it.o
 .debug_ranges  0x0000000000000518       0x10 obj/usb_device.o
 .debug_ranges  0x0000000000000528       0xa0 obj/usbd_desc.o
 .debug_ranges  0x00000000000005c8       0x48 obj/circbuf.o
 .debug_ranges  0x0000000000000610       0x18 obj/system_stm32f4xx.o
 .debug_ranges  0x0000000000000628       0xc8 obj/stm32f4xx_hal_pcd.o
 .debug_ranges  0x00000000000006f0      0x180 obj/stm32f4xx_ll_usb.o
 .debug_ranges  0x0000000000000870       0xb0 obj/stm32f4xx_hal.o
 .debug_ranges  0x0000000000000920       0x90 obj/stm32f4xx_hal_pwr.o
 .debug_ranges  0x00000000000009b0       0x18 obj/stm32f4xx_hal_pcd_ex.o
 .debug_ranges  0x00000000000009c8       0x68 obj/stm32f4xx_hal_gpio.o
 .debug_ranges  0x0000000000000a30       0x70 obj/stm32f4xx_hal_rcc_ex.o
 .debug_ranges  0x0000000000000aa0      0x150 obj/stm32f4xx_hal_cortex.o
 .debug_ranges  0x0000000000000bf0       0x90 obj/stm32f4xx_hal_dma.o
 .debug_ranges  0x0000000000000c80      0x110 obj/stm32f4xx_hal_flash_ex.o
 .debug_ranges  0x0000000000000d90       0x38 obj/stm32f4xx_hal_dma_ex.o
 .debug_ranges  0x0000000000000dc8      0x150 obj/stm32f4xx_hal_rcc.o
 .debug_ranges  0x0000000000000f18       0xb0 obj/stm32f4xx_hal_flash.o
 .debug_ranges  0x0000000000000fc8       0xb8 obj/stm32f4xx_hal_pwr_ex.o

.debug_frame    0x0000000000000000     0x20c0
 .debug_frame   0x0000000000000000       0xac obj/usbd_cdc_if.o
 .debug_frame   0x00000000000000ac      0x2e4 obj/usbd_conf.o
 .debug_frame   0x0000000000000390      0x1f0 obj/usbd_core.o
 .debug_frame   0x0000000000000580       0xd4 obj/usbd_ioreq.o
 .debug_frame   0x0000000000000654       0xf4 obj/usbd_ctlreq.o
 .debug_frame   0x0000000000000748       0x34 obj/stm32f4xx_hal_msp.o
 .debug_frame   0x000000000000077c      0x168 obj/usbd_cdc.o
 .debug_frame   0x00000000000008e4       0xa0 obj/main.o
 .debug_frame   0x0000000000000984       0x44 obj/stm32f4xx_it.o
 .debug_frame   0x00000000000009c8       0x34 obj/usb_device.o
 .debug_frame   0x00000000000009fc       0xbc obj/usbd_desc.o
 .debug_frame   0x0000000000000ab8       0xbc obj/circbuf.o
 .debug_frame   0x0000000000000b74       0x3c obj/system_stm32f4xx.o
 .debug_frame   0x0000000000000bb0      0x318 obj/stm32f4xx_hal_pcd.o
 .debug_frame   0x0000000000000ec8      0x560 obj/stm32f4xx_ll_usb.o
 .debug_frame   0x0000000000001428      0x1a8 obj/stm32f4xx_hal.o
 .debug_frame   0x00000000000015d0      0x12c obj/stm32f4xx_hal_pwr.o
 .debug_frame   0x00000000000016fc       0x40 obj/stm32f4xx_hal_pcd_ex.o
 .debug_frame   0x000000000000173c       0xf0 obj/stm32f4xx_hal_gpio.o
 .debug_frame   0x000000000000182c       0x7c obj/stm32f4xx_hal_rcc_ex.o
 .debug_frame   0x00000000000018a8      0x15c obj/stm32f4xx_hal_cortex.o
 .debug_frame   0x0000000000001a04      0x198 obj/stm32f4xx_hal_dma.o
 .debug_frame   0x0000000000001b9c      0x100 obj/stm32f4xx_hal_flash_ex.o
 .debug_frame   0x0000000000001c9c       0x60 obj/stm32f4xx_hal_dma_ex.o
 .debug_frame   0x0000000000001cfc      0x16c obj/stm32f4xx_hal_rcc.o
 .debug_frame   0x0000000000001e68      0x168 obj/stm32f4xx_hal_flash.o
 .debug_frame   0x0000000000001fd0       0xf0 obj/stm32f4xx_hal_pwr_ex.o

.debug_loc      0x0000000000000000     0x859d
 .debug_loc     0x0000000000000000      0x1b3 obj/usbd_cdc_if.o
 .debug_loc     0x00000000000001b3      0xa9d obj/usbd_conf.o
 .debug_loc     0x0000000000000c50      0x6d2 obj/usbd_core.o
 .debug_loc     0x0000000000001322      0x284 obj/usbd_ioreq.o
 .debug_loc     0x00000000000015a6      0x981 obj/usbd_ctlreq.o